
running 0 tests

test result: ok. 0 passed; 0 failed; 0 ignored; 0 measured; 0 filtered out; finished in 0.00s


running 1 test
test launch ... FAILED

failures:

---- launch stdout ----
Caps:TdxCapabilities { attributes: Attributes { fixed0: AttributesFlags(DEBUG | SEPT_VE_DISABLE | MIGRATABLE | PKS | TPA | PERFMON | 0x10000), fixed1: AttributesFlags(0x0) }, xfam: Xfam { fixed0: XFAMFlags(FP | SSE | AVX | AVX512 | PT | PK | CET | ULI | LBR | AMX), fixed1: XFAMFlags(FP | SSE) }, supported_gpaw: 3, cpuid_configs: [CpuidConfig { leaf: 1, sub_leaf: 4294967295, eax: 268386303, ebx: 16711680, ecx: 822364552, edx: 3091202048 }, CpuidConfig { leaf: 4, sub_leaf: 0, eax: 4294951935, ebx: 4294963200, ecx: 4294967295, edx: 7 }, CpuidConfig { leaf: 4, sub_leaf: 1, eax: 4294951935, ebx: 4294963200, ecx: 4294967295, edx: 7 }, CpuidConfig { leaf: 4, sub_leaf: 2, eax: 4294951935, ebx: 4294963200, ecx: 4294967295, edx: 7 }, CpuidConfig { leaf: 4, sub_leaf: 3, eax: 4294951935, ebx: 4294963200, ecx: 4294967295, edx: 7 }, CpuidConfig { leaf: 7, sub_leaf: 0, eax: 0, ebx: 3492518680, ecx: 37846884, edx: 344080 }, CpuidConfig { leaf: 7, sub_leaf: 1, eax: 2104624, ebx: 0, ecx: 0, edx: 147456 }, CpuidConfig { leaf: 10, sub_leaf: 4294967295, eax: 0, ebx: 0, ecx: 0, edx: 0 }, CpuidConfig { leaf: 28, sub_leaf: 4294967295, eax: 11, ebx: 0, ecx: 0, edx: 0 }, CpuidConfig { leaf: 2147483656, sub_leaf: 4294967295, eax: 255, ebx: 512, ecx: 0, edx: 0 }, CpuidConfig { leaf: 7, sub_leaf: 2, eax: 0, ebx: 0, ecx: 0, edx: 40 }, CpuidConfig { leaf: 35, sub_leaf: 0, eax: 11, ebx: 0, ecx: 0, edx: 0 }, CpuidConfig { leaf: 31, sub_leaf: 0, eax: 31, ebx: 65535, ecx: 65535, edx: 0 }, CpuidConfig { leaf: 31, sub_leaf: 1, eax: 31, ebx: 65535, ecx: 65535, edx: 0 }, CpuidConfig { leaf: 31, sub_leaf: 2, eax: 31, ebx: 65535, ecx: 65535, edx: 0 }, CpuidConfig { leaf: 31, sub_leaf: 3, eax: 31, ebx: 65535, ecx: 65535, edx: 0 }, CpuidConfig { leaf: 31, sub_leaf: 4, eax: 31, ebx: 65535, ecx: 65535, edx: 0 }, CpuidConfig { leaf: 31, sub_leaf: 5, eax: 31, ebx: 65535, ecx: 65535, edx: 0 }, CpuidConfig { leaf: 0, sub_leaf: 0, eax: 0, ebx: 0, ecx: 0, edx: 0 }, CpuidConfig { leaf: 0, sub_leaf: 0, eax: 0, ebx: 0, ecx: 0, edx: 0 }, CpuidConfig { leaf: 0, sub_leaf: 0, eax: 0, ebx: 0, ecx: 0, edx: 0 }, CpuidConfig { leaf: 0, sub_leaf: 0, eax: 0, ebx: 0, ecx: 0, edx: 0 }, CpuidConfig { leaf: 0, sub_leaf: 0, eax: 0, ebx: 0, ecx: 0, edx: 0 }, CpuidConfig { leaf: 0, sub_leaf: 0, eax: 0, ebx: 0, ecx: 0, edx: 0 }] }
TDX: Xfam fixed0: 0x6dbe7, fixed1: 0x3
ECX:0xf7fa3217
InitVm:InitVm { attributes: 268435456, mrconfigid: [0, 0, 0, 0, 0, 0], mrowner: [0, 0, 0, 0, 0, 0], mrownerconfig: [0, 0, 0, 0, 0, 0], reserved: [0, 0, 0, 0, 0, 0, 0, 0, 0, 0, 0, 0, 0, 0, 0, 0, 0, 0, 0, 0, 0, 0, 0, 0, 0, 0, 0, 0, 0, 0, 0, 0, 0, 0, 0, 0, 0, 0, 0, 0, 0, 0, 0, 0, 0, 0, 0, 0, 0, 0, 0, 0, 0, 0, 0, 0, 0, 0, 0, 0, 0, 0, 0, 0, 0, 0, 0, 0, 0, 0, 0, 0, 0, 0, 0, 0, 0, 0, 0, 0, 0, 0, 0, 0, 0, 0, 0, 0, 0, 0, 0, 0, 0, 0, 0, 0, 0, 0, 0, 0, 0, 0, 0, 0, 0, 0, 0, 0, 0, 0, 0, 0, 0, 0, 0, 0, 0, 0, 0, 0, 0, 0, 0, 0, 0, 0, 0, 0, 0, 0, 0, 0, 0, 0, 0, 0, 0, 0, 0, 0, 0, 0, 0, 0, 0, 0, 0, 0, 0, 0, 0, 0, 0, 0, 0, 0, 0, 0, 0, 0, 0, 0, 0, 0, 0, 0, 0, 0, 0, 0, 0, 0, 0, 0, 0, 0, 0, 0, 0, 0, 0, 0, 0, 0, 0, 0, 0, 0, 0, 0, 0, 0, 0, 0, 0, 0, 0, 0, 0, 0, 0, 0, 0, 0, 0, 0, 0, 0, 0, 0, 0, 0, 0, 0, 0, 0, 0, 0, 0, 0, 0, 0, 0, 0, 0, 0, 0, 0, 0, 0, 0, 0, 0, 0, 0, 0, 0, 0, 0, 0, 0, 0, 0, 0, 0, 0, 0, 0, 0, 0, 0, 0, 0, 0, 0, 0, 0, 0, 0, 0, 0, 0, 0, 0, 0, 0, 0, 0, 0, 0, 0, 0, 0, 0, 0, 0, 0, 0, 0, 0, 0, 0, 0, 0, 0, 0, 0, 0, 0, 0, 0, 0, 0, 0, 0, 0, 0, 0, 0, 0, 0, 0, 0, 0, 0, 0, 0, 0, 0, 0, 0, 0, 0, 0, 0, 0, 0, 0, 0, 0, 0, 0, 0, 0, 0, 0, 0, 0, 0, 0, 0, 0, 0, 0, 0, 0, 0, 0, 0, 0, 0, 0, 0, 0, 0, 0, 0, 0, 0, 0, 0, 0, 0, 0, 0, 0, 0, 0, 0, 0, 0, 0, 0, 0, 0, 0, 0, 0, 0, 0, 0, 0, 0, 0, 0, 0, 0, 0, 0, 0, 0, 0, 0, 0, 0, 0, 0, 0, 0, 0, 0, 0, 0, 0, 0, 0, 0, 0, 0, 0, 0, 0, 0, 0, 0, 0, 0, 0, 0, 0, 0, 0, 0, 0, 0, 0, 0, 0, 0, 0, 0, 0, 0, 0, 0, 0, 0, 0, 0, 0, 0, 0, 0, 0, 0, 0, 0, 0, 0, 0, 0, 0, 0, 0, 0, 0, 0, 0, 0, 0, 0, 0, 0, 0, 0, 0, 0, 0, 0, 0, 0, 0, 0, 0, 0, 0, 0, 0, 0, 0, 0, 0, 0, 0, 0, 0, 0, 0, 0, 0, 0, 0, 0, 0, 0, 0, 0, 0, 0, 0, 0, 0, 0, 0, 0, 0, 0, 0, 0, 0, 0, 0, 0, 0, 0, 0, 0, 0, 0, 0, 0, 0, 0, 0, 0, 0, 0, 0, 0, 0, 0, 0, 0, 0, 0, 0, 0, 0, 0, 0, 0, 0, 0, 0, 0, 0, 0, 0, 0, 0, 0, 0, 0, 0, 0, 0, 0, 0, 0, 0, 0, 0, 0, 0, 0, 0, 0, 0, 0, 0, 0, 0, 0, 0, 0, 0, 0, 0, 0, 0, 0, 0, 0, 0, 0, 0, 0, 0, 0, 0, 0, 0, 0, 0, 0, 0, 0, 0, 0, 0, 0, 0, 0, 0, 0, 0, 0, 0, 0, 0, 0, 0, 0, 0, 0, 0, 0, 0, 0, 0, 0, 0, 0, 0, 0, 0, 0, 0, 0, 0, 0, 0, 0, 0, 0, 0, 0, 0, 0, 0, 0, 0, 0, 0, 0, 0, 0, 0, 0, 0, 0, 0, 0, 0, 0, 0, 0, 0, 0, 0, 0, 0, 0, 0, 0, 0, 0, 0, 0, 0, 0, 0, 0, 0, 0, 0, 0, 0, 0, 0, 0, 0, 0, 0, 0, 0, 0, 0, 0, 0, 0, 0, 0, 0, 0, 0, 0, 0, 0, 0, 0, 0, 0, 0, 0, 0, 0, 0, 0, 0, 0, 0, 0, 0, 0, 0, 0, 0, 0, 0, 0, 0, 0, 0, 0, 0, 0, 0, 0, 0, 0, 0, 0, 0, 0, 0, 0, 0, 0, 0, 0, 0, 0, 0, 0, 0, 0, 0, 0, 0, 0, 0, 0, 0, 0, 0, 0, 0, 0, 0, 0, 0, 0, 0, 0, 0, 0, 0, 0, 0, 0, 0, 0, 0, 0, 0, 0, 0, 0, 0, 0, 0, 0, 0, 0, 0, 0, 0, 0, 0, 0, 0, 0, 0, 0, 0, 0, 0, 0, 0, 0, 0, 0, 0, 0, 0, 0, 0, 0, 0, 0, 0, 0, 0, 0, 0, 0, 0, 0, 0, 0, 0, 0, 0, 0, 0, 0, 0, 0, 0, 0, 0, 0, 0, 0, 0, 0, 0, 0, 0, 0, 0, 0, 0, 0, 0, 0, 0, 0, 0, 0, 0, 0, 0, 0, 0, 0, 0, 0, 0, 0, 0, 0, 0, 0, 0, 0, 0, 0, 0, 0, 0, 0, 0, 0, 0, 0, 0, 0, 0, 0, 0, 0, 0, 0, 0, 0, 0, 0, 0, 0, 0, 0, 0, 0, 0, 0, 0, 0, 0, 0, 0, 0, 0, 0, 0, 0, 0, 0, 0, 0, 0, 0, 0, 0, 0, 0, 0, 0, 0, 0, 0, 0, 0, 0, 0, 0, 0, 0, 0, 0, 0, 0, 0, 0, 0, 0, 0, 0, 0, 0, 0, 0, 0, 0, 0, 0, 0, 0, 0, 0, 0, 0, 0, 0, 0, 0, 0, 0, 0, 0, 0, 0, 0, 0, 0, 0, 0, 0, 0, 0, 0, 0, 0, 0, 0, 0, 0, 0, 0, 0, 0, 0, 0, 0, 0, 0, 0, 0, 0, 0, 0, 0, 0, 0, 0, 0, 0, 0, 0, 0, 0, 0, 0, 0, 0, 0, 0, 0, 0, 0, 0, 0, 0], cpuid_nent: 35, _padding: 0, cpuid_entries: [kvm_cpuid_entry2 { function: 0, index: 0, flags: 0, eax: 31, ebx: 1970169159, ecx: 1818588270, edx: 1231384169, padding: [0, 0, 0] }, kvm_cpuid_entry2 { function: 1, index: 0, flags: 0, eax: 657105, ebx: 2099200, ecx: 4160369175, edx: 1068235775, padding: [0, 0, 0] }, kvm_cpuid_entry2 { function: 2, index: 0, flags: 6, eax: 1, ebx: 0, ecx: 77, edx: 2895997, padding: [0, 0, 0] }, kvm_cpuid_entry2 { function: 4, index: 0, flags: 1, eax: 4227875105, ebx: 46137407, ecx: 63, edx: 0, padding: [0, 0, 0] }, kvm_cpuid_entry2 { function: 4, index: 1, flags: 1, eax: 4227875106, ebx: 62914623, ecx: 63, edx: 0, padding: [0, 0, 0] }, kvm_cpuid_entry2 { function: 4, index: 2, flags: 1, eax: 4227875139, ebx: 62914623, ecx: 2047, edx: 0, padding: [0, 0, 0] }, kvm_cpuid_entry2 { function: 4, index: 3, flags: 1, eax: 4232036707, ebx: 62914623, ecx: 344063, edx: 4, padding: [0, 0, 0] }, kvm_cpuid_entry2 { function: 4, index: 4, flags: 1, eax: 0, ebx: 0, ecx: 0, edx: 0, padding: [0, 0, 0] }, kvm_cpuid_entry2 { function: 5, index: 0, flags: 0, eax: 0, ebx: 0, ecx: 3, edx: 0, padding: [0, 0, 0] }, kvm_cpuid_entry2 { function: 6, index: 0, flags: 0, eax: 4, ebx: 0, ecx: 0, edx: 0, padding: [0, 0, 0] }, kvm_cpuid_entry2 { function: 7, index: 0, flags: 1, eax: 2, ebx: 4055830457, ecx: 457269070, edx: 4291380240, padding: [0, 0, 0] }, kvm_cpuid_entry2 { function: 7, index: 1, flags: 1, eax: 2104368, ebx: 0, ecx: 0, edx: 16384, padding: [0, 0, 0] }, kvm_cpuid_entry2 { function: 7, index: 2, flags: 1, eax: 0, ebx: 0, ecx: 0, edx: 32, padding: [0, 0, 0] }, kvm_cpuid_entry2 { function: 11, index: 0, flags: 1, eax: 1, ebx: 2, ecx: 256, edx: 144, padding: [0, 0, 0] }, kvm_cpuid_entry2 { function: 13, index: 0, flags: 1, eax: 393959, ebx: 11008, ecx: 11008, edx: 0, padding: [0, 0, 0] }, kvm_cpuid_entry2 { function: 13, index: 1, flags: 1, eax: 31, ebx: 11504, ecx: 0, edx: 0, padding: [0, 0, 0] }, kvm_cpuid_entry2 { function: 13, index: 2, flags: 1, eax: 256, ebx: 576, ecx: 0, edx: 0, padding: [0, 0, 0] }, kvm_cpuid_entry2 { function: 13, index: 5, flags: 1, eax: 64, ebx: 1088, ecx: 0, edx: 0, padding: [0, 0, 0] }, kvm_cpuid_entry2 { function: 13, index: 6, flags: 1, eax: 512, ebx: 1152, ecx: 0, edx: 0, padding: [0, 0, 0] }, kvm_cpuid_entry2 { function: 13, index: 7, flags: 1, eax: 1024, ebx: 1664, ecx: 0, edx: 0, padding: [0, 0, 0] }, kvm_cpuid_entry2 { function: 13, index: 9, flags: 1, eax: 8, ebx: 2688, ecx: 0, edx: 0, padding: [0, 0, 0] }, kvm_cpuid_entry2 { function: 13, index: 17, flags: 1, eax: 64, ebx: 2752, ecx: 2, edx: 0, padding: [0, 0, 0] }, kvm_cpuid_entry2 { function: 13, index: 18, flags: 1, eax: 8192, ebx: 2816, ecx: 6, edx: 0, padding: [0, 0, 0] }, kvm_cpuid_entry2 { function: 18, index: 0, flags: 1, eax: 0, ebx: 0, ecx: 0, edx: 0, padding: [0, 0, 0] }, kvm_cpuid_entry2 { function: 18, index: 1, flags: 1, eax: 0, ebx: 0, ecx: 0, edx: 0, padding: [0, 0, 0] }, kvm_cpuid_entry2 { function: 20, index: 0, flags: 1, eax: 0, ebx: 0, ecx: 0, edx: 0, padding: [0, 0, 0] }, kvm_cpuid_entry2 { function: 29, index: 0, flags: 1, eax: 1, ebx: 0, ecx: 0, edx: 0, padding: [0, 0, 0] }, kvm_cpuid_entry2 { function: 29, index: 1, flags: 1, eax: 67117056, ebx: 524352, ecx: 16, edx: 0, padding: [0, 0, 0] }, kvm_cpuid_entry2 { function: 30, index: 0, flags: 1, eax: 0, ebx: 16400, ecx: 0, edx: 0, padding: [0, 0, 0] }, kvm_cpuid_entry2 { function: 2147483648, index: 0, flags: 0, eax: 2147483656, ebx: 0, ecx: 0, edx: 0, padding: [0, 0, 0] }, kvm_cpuid_entry2 { function: 2147483649, index: 0, flags: 0, eax: 0, ebx: 0, ecx: 289, edx: 739248128, padding: [0, 0, 0] }, kvm_cpuid_entry2 { function: 2147483650, index: 0, flags: 0, eax: 1702129225, ebx: 693250156, ecx: 1868912672, edx: 693250158, padding: [0, 0, 0] }, kvm_cpuid_entry2 { function: 2147483651, index: 0, flags: 0, eax: 943142432, ebx: 20535, ecx: 0, edx: 0, padding: [0, 0, 0] }, kvm_cpuid_entry2 { function: 2147483654, index: 0, flags: 0, eax: 0, ebx: 0, ecx: 134246464, edx: 0, padding: [0, 0, 0] }, kvm_cpuid_entry2 { function: 2147483656, index: 0, flags: 0, eax: 3422516, ebx: 512, ecx: 20511, edx: 0, padding: [0, 0, 0] }, kvm_cpuid_entry2 { function: 0, index: 0, flags: 0, eax: 0, ebx: 0, ecx: 0, edx: 0, padding: [0, 0, 0] }, kvm_cpuid_entry2 { function: 0, index: 0, flags: 0, eax: 0, ebx: 0, ecx: 0, edx: 0, padding: [0, 0, 0] }, kvm_cpuid_entry2 { function: 0, index: 0, flags: 0, eax: 0, ebx: 0, ecx: 0, edx: 0, padding: [0, 0, 0] }, kvm_cpuid_entry2 { function: 0, index: 0, flags: 0, eax: 0, ebx: 0, ecx: 0, edx: 0, padding: [0, 0, 0] }, kvm_cpuid_entry2 { function: 0, index: 0, flags: 0, eax: 0, ebx: 0, ecx: 0, edx: 0, padding: [0, 0, 0] }, kvm_cpuid_entry2 { function: 0, index: 0, flags: 0, eax: 0, ebx: 0, ecx: 0, edx: 0, padding: [0, 0, 0] }, kvm_cpuid_entry2 { function: 0, index: 0, flags: 0, eax: 0, ebx: 0, ecx: 0, edx: 0, padding: [0, 0, 0] }, kvm_cpuid_entry2 { function: 0, index: 0, flags: 0, eax: 0, ebx: 0, ecx: 0, edx: 0, padding: [0, 0, 0] }, kvm_cpuid_entry2 { function: 0, index: 0, flags: 0, eax: 0, ebx: 0, ecx: 0, edx: 0, padding: [0, 0, 0] }, kvm_cpuid_entry2 { function: 0, index: 0, flags: 0, eax: 0, ebx: 0, ecx: 0, edx: 0, padding: [0, 0, 0] }, kvm_cpuid_entry2 { function: 0, index: 0, flags: 0, eax: 0, ebx: 0, ecx: 0, edx: 0, padding: [0, 0, 0] }, kvm_cpuid_entry2 { function: 0, index: 0, flags: 0, eax: 0, ebx: 0, ecx: 0, edx: 0, padding: [0, 0, 0] }, kvm_cpuid_entry2 { function: 0, index: 0, flags: 0, eax: 0, ebx: 0, ecx: 0, edx: 0, padding: [0, 0, 0] }, kvm_cpuid_entry2 { function: 0, index: 0, flags: 0, eax: 0, ebx: 0, ecx: 0, edx: 0, padding: [0, 0, 0] }, kvm_cpuid_entry2 { function: 0, index: 0, flags: 0, eax: 0, ebx: 0, ecx: 0, edx: 0, padding: [0, 0, 0] }, kvm_cpuid_entry2 { function: 0, index: 0, flags: 0, eax: 0, ebx: 0, ecx: 0, edx: 0, padding: [0, 0, 0] }, kvm_cpuid_entry2 { function: 0, index: 0, flags: 0, eax: 0, ebx: 0, ecx: 0, edx: 0, padding: [0, 0, 0] }, kvm_cpuid_entry2 { function: 0, index: 0, flags: 0, eax: 0, ebx: 0, ecx: 0, edx: 0, padding: [0, 0, 0] }, kvm_cpuid_entry2 { function: 0, index: 0, flags: 0, eax: 0, ebx: 0, ecx: 0, edx: 0, padding: [0, 0, 0] }, kvm_cpuid_entry2 { function: 0, index: 0, flags: 0, eax: 0, ebx: 0, ecx: 0, edx: 0, padding: [0, 0, 0] }, kvm_cpuid_entry2 { function: 0, index: 0, flags: 0, eax: 0, ebx: 0, ecx: 0, edx: 0, padding: [0, 0, 0] }, kvm_cpuid_entry2 { function: 0, index: 0, flags: 0, eax: 0, ebx: 0, ecx: 0, edx: 0, padding: [0, 0, 0] }, kvm_cpuid_entry2 { function: 0, index: 0, flags: 0, eax: 0, ebx: 0, ecx: 0, edx: 0, padding: [0, 0, 0] }, kvm_cpuid_entry2 { function: 0, index: 0, flags: 0, eax: 0, ebx: 0, ecx: 0, edx: 0, padding: [0, 0, 0] }, kvm_cpuid_entry2 { function: 0, index: 0, flags: 0, eax: 0, ebx: 0, ecx: 0, edx: 0, padding: [0, 0, 0] }, kvm_cpuid_entry2 { function: 0, index: 0, flags: 0, eax: 0, ebx: 0, ecx: 0, edx: 0, padding: [0, 0, 0] }, kvm_cpuid_entry2 { function: 0, index: 0, flags: 0, eax: 0, ebx: 0, ecx: 0, edx: 0, padding: [0, 0, 0] }, kvm_cpuid_entry2 { function: 0, index: 0, flags: 0, eax: 0, ebx: 0, ecx: 0, edx: 0, padding: [0, 0, 0] }, kvm_cpuid_entry2 { function: 0, index: 0, flags: 0, eax: 0, ebx: 0, ecx: 0, edx: 0, padding: [0, 0, 0] }, kvm_cpuid_entry2 { function: 0, index: 0, flags: 0, eax: 0, ebx: 0, ecx: 0, edx: 0, padding: [0, 0, 0] }, kvm_cpuid_entry2 { function: 0, index: 0, flags: 0, eax: 0, ebx: 0, ecx: 0, edx: 0, padding: [0, 0, 0] }, kvm_cpuid_entry2 { function: 0, index: 0, flags: 0, eax: 0, ebx: 0, ecx: 0, edx: 0, padding: [0, 0, 0] }, kvm_cpuid_entry2 { function: 0, index: 0, flags: 0, eax: 0, ebx: 0, ecx: 0, edx: 0, padding: [0, 0, 0] }, kvm_cpuid_entry2 { function: 0, index: 0, flags: 0, eax: 0, ebx: 0, ecx: 0, edx: 0, padding: [0, 0, 0] }, kvm_cpuid_entry2 { function: 0, index: 0, flags: 0, eax: 0, ebx: 0, ecx: 0, edx: 0, padding: [0, 0, 0] }, kvm_cpuid_entry2 { function: 0, index: 0, flags: 0, eax: 0, ebx: 0, ecx: 0, edx: 0, padding: [0, 0, 0] }, kvm_cpuid_entry2 { function: 0, index: 0, flags: 0, eax: 0, ebx: 0, ecx: 0, edx: 0, padding: [0, 0, 0] }, kvm_cpuid_entry2 { function: 0, index: 0, flags: 0, eax: 0, ebx: 0, ecx: 0, edx: 0, padding: [0, 0, 0] }, kvm_cpuid_entry2 { function: 0, index: 0, flags: 0, eax: 0, ebx: 0, ecx: 0, edx: 0, padding: [0, 0, 0] }, kvm_cpuid_entry2 { function: 0, index: 0, flags: 0, eax: 0, ebx: 0, ecx: 0, edx: 0, padding: [0, 0, 0] }, kvm_cpuid_entry2 { function: 0, index: 0, flags: 0, eax: 0, ebx: 0, ecx: 0, edx: 0, padding: [0, 0, 0] }, kvm_cpuid_entry2 { function: 0, index: 0, flags: 0, eax: 0, ebx: 0, ecx: 0, edx: 0, padding: [0, 0, 0] }, kvm_cpuid_entry2 { function: 0, index: 0, flags: 0, eax: 0, ebx: 0, ecx: 0, edx: 0, padding: [0, 0, 0] }, kvm_cpuid_entry2 { function: 0, index: 0, flags: 0, eax: 0, ebx: 0, ecx: 0, edx: 0, padding: [0, 0, 0] }, kvm_cpuid_entry2 { function: 0, index: 0, flags: 0, eax: 0, ebx: 0, ecx: 0, edx: 0, padding: [0, 0, 0] }, kvm_cpuid_entry2 { function: 0, index: 0, flags: 0, eax: 0, ebx: 0, ecx: 0, edx: 0, padding: [0, 0, 0] }, kvm_cpuid_entry2 { function: 0, index: 0, flags: 0, eax: 0, ebx: 0, ecx: 0, edx: 0, padding: [0, 0, 0] }, kvm_cpuid_entry2 { function: 0, index: 0, flags: 0, eax: 0, ebx: 0, ecx: 0, edx: 0, padding: [0, 0, 0] }, kvm_cpuid_entry2 { function: 0, index: 0, flags: 0, eax: 0, ebx: 0, ecx: 0, edx: 0, padding: [0, 0, 0] }, kvm_cpuid_entry2 { function: 0, index: 0, flags: 0, eax: 0, ebx: 0, ecx: 0, edx: 0, padding: [0, 0, 0] }, kvm_cpuid_entry2 { function: 0, index: 0, flags: 0, eax: 0, ebx: 0, ecx: 0, edx: 0, padding: [0, 0, 0] }, kvm_cpuid_entry2 { function: 0, index: 0, flags: 0, eax: 0, ebx: 0, ecx: 0, edx: 0, padding: [0, 0, 0] }, kvm_cpuid_entry2 { function: 0, index: 0, flags: 0, eax: 0, ebx: 0, ecx: 0, edx: 0, padding: [0, 0, 0] }, kvm_cpuid_entry2 { function: 0, index: 0, flags: 0, eax: 0, ebx: 0, ecx: 0, edx: 0, padding: [0, 0, 0] }, kvm_cpuid_entry2 { function: 0, index: 0, flags: 0, eax: 0, ebx: 0, ecx: 0, edx: 0, padding: [0, 0, 0] }, kvm_cpuid_entry2 { function: 0, index: 0, flags: 0, eax: 0, ebx: 0, ecx: 0, edx: 0, padding: [0, 0, 0] }, kvm_cpuid_entry2 { function: 0, index: 0, flags: 0, eax: 0, ebx: 0, ecx: 0, edx: 0, padding: [0, 0, 0] }, kvm_cpuid_entry2 { function: 0, index: 0, flags: 0, eax: 0, ebx: 0, ecx: 0, edx: 0, padding: [0, 0, 0] }, kvm_cpuid_entry2 { function: 0, index: 0, flags: 0, eax: 0, ebx: 0, ecx: 0, edx: 0, padding: [0, 0, 0] }, kvm_cpuid_entry2 { function: 0, index: 0, flags: 0, eax: 0, ebx: 0, ecx: 0, edx: 0, padding: [0, 0, 0] }, kvm_cpuid_entry2 { function: 0, index: 0, flags: 0, eax: 0, ebx: 0, ecx: 0, edx: 0, padding: [0, 0, 0] }, kvm_cpuid_entry2 { function: 0, index: 0, flags: 0, eax: 0, ebx: 0, ecx: 0, edx: 0, padding: [0, 0, 0] }, kvm_cpuid_entry2 { function: 0, index: 0, flags: 0, eax: 0, ebx: 0, ecx: 0, edx: 0, padding: [0, 0, 0] }, kvm_cpuid_entry2 { function: 0, index: 0, flags: 0, eax: 0, ebx: 0, ecx: 0, edx: 0, padding: [0, 0, 0] }, kvm_cpuid_entry2 { function: 0, index: 0, flags: 0, eax: 0, ebx: 0, ecx: 0, edx: 0, padding: [0, 0, 0] }, kvm_cpuid_entry2 { function: 0, index: 0, flags: 0, eax: 0, ebx: 0, ecx: 0, edx: 0, padding: [0, 0, 0] }, kvm_cpuid_entry2 { function: 0, index: 0, flags: 0, eax: 0, ebx: 0, ecx: 0, edx: 0, padding: [0, 0, 0] }, kvm_cpuid_entry2 { function: 0, index: 0, flags: 0, eax: 0, ebx: 0, ecx: 0, edx: 0, padding: [0, 0, 0] }, kvm_cpuid_entry2 { function: 0, index: 0, flags: 0, eax: 0, ebx: 0, ecx: 0, edx: 0, padding: [0, 0, 0] }, kvm_cpuid_entry2 { function: 0, index: 0, flags: 0, eax: 0, ebx: 0, ecx: 0, edx: 0, padding: [0, 0, 0] }, kvm_cpuid_entry2 { function: 0, index: 0, flags: 0, eax: 0, ebx: 0, ecx: 0, edx: 0, padding: [0, 0, 0] }, kvm_cpuid_entry2 { function: 0, index: 0, flags: 0, eax: 0, ebx: 0, ecx: 0, edx: 0, padding: [0, 0, 0] }, kvm_cpuid_entry2 { function: 0, index: 0, flags: 0, eax: 0, ebx: 0, ecx: 0, edx: 0, padding: [0, 0, 0] }, kvm_cpuid_entry2 { function: 0, index: 0, flags: 0, eax: 0, ebx: 0, ecx: 0, edx: 0, padding: [0, 0, 0] }, kvm_cpuid_entry2 { function: 0, index: 0, flags: 0, eax: 0, ebx: 0, ecx: 0, edx: 0, padding: [0, 0, 0] }, kvm_cpuid_entry2 { function: 0, index: 0, flags: 0, eax: 0, ebx: 0, ecx: 0, edx: 0, padding: [0, 0, 0] }, kvm_cpuid_entry2 { function: 0, index: 0, flags: 0, eax: 0, ebx: 0, ecx: 0, edx: 0, padding: [0, 0, 0] }, kvm_cpuid_entry2 { function: 0, index: 0, flags: 0, eax: 0, ebx: 0, ecx: 0, edx: 0, padding: [0, 0, 0] }, kvm_cpuid_entry2 { function: 0, index: 0, flags: 0, eax: 0, ebx: 0, ecx: 0, edx: 0, padding: [0, 0, 0] }, kvm_cpuid_entry2 { function: 0, index: 0, flags: 0, eax: 0, ebx: 0, ecx: 0, edx: 0, padding: [0, 0, 0] }, kvm_cpuid_entry2 { function: 0, index: 0, flags: 0, eax: 0, ebx: 0, ecx: 0, edx: 0, padding: [0, 0, 0] }, kvm_cpuid_entry2 { function: 0, index: 0, flags: 0, eax: 0, ebx: 0, ecx: 0, edx: 0, padding: [0, 0, 0] }, kvm_cpuid_entry2 { function: 0, index: 0, flags: 0, eax: 0, ebx: 0, ecx: 0, edx: 0, padding: [0, 0, 0] }, kvm_cpuid_entry2 { function: 0, index: 0, flags: 0, eax: 0, ebx: 0, ecx: 0, edx: 0, padding: [0, 0, 0] }, kvm_cpuid_entry2 { function: 0, index: 0, flags: 0, eax: 0, ebx: 0, ecx: 0, edx: 0, padding: [0, 0, 0] }, kvm_cpuid_entry2 { function: 0, index: 0, flags: 0, eax: 0, ebx: 0, ecx: 0, edx: 0, padding: [0, 0, 0] }, kvm_cpuid_entry2 { function: 0, index: 0, flags: 0, eax: 0, ebx: 0, ecx: 0, edx: 0, padding: [0, 0, 0] }, kvm_cpuid_entry2 { function: 0, index: 0, flags: 0, eax: 0, ebx: 0, ecx: 0, edx: 0, padding: [0, 0, 0] }, kvm_cpuid_entry2 { function: 0, index: 0, flags: 0, eax: 0, ebx: 0, ecx: 0, edx: 0, padding: [0, 0, 0] }, kvm_cpuid_entry2 { function: 0, index: 0, flags: 0, eax: 0, ebx: 0, ecx: 0, edx: 0, padding: [0, 0, 0] }, kvm_cpuid_entry2 { function: 0, index: 0, flags: 0, eax: 0, ebx: 0, ecx: 0, edx: 0, padding: [0, 0, 0] }, kvm_cpuid_entry2 { function: 0, index: 0, flags: 0, eax: 0, ebx: 0, ecx: 0, edx: 0, padding: [0, 0, 0] }, kvm_cpuid_entry2 { function: 0, index: 0, flags: 0, eax: 0, ebx: 0, ecx: 0, edx: 0, padding: [0, 0, 0] }, kvm_cpuid_entry2 { function: 0, index: 0, flags: 0, eax: 0, ebx: 0, ecx: 0, edx: 0, padding: [0, 0, 0] }, kvm_cpuid_entry2 { function: 0, index: 0, flags: 0, eax: 0, ebx: 0, ecx: 0, edx: 0, padding: [0, 0, 0] }, kvm_cpuid_entry2 { function: 0, index: 0, flags: 0, eax: 0, ebx: 0, ecx: 0, edx: 0, padding: [0, 0, 0] }, kvm_cpuid_entry2 { function: 0, index: 0, flags: 0, eax: 0, ebx: 0, ecx: 0, edx: 0, padding: [0, 0, 0] }, kvm_cpuid_entry2 { function: 0, index: 0, flags: 0, eax: 0, ebx: 0, ecx: 0, edx: 0, padding: [0, 0, 0] }, kvm_cpuid_entry2 { function: 0, index: 0, flags: 0, eax: 0, ebx: 0, ecx: 0, edx: 0, padding: [0, 0, 0] }, kvm_cpuid_entry2 { function: 0, index: 0, flags: 0, eax: 0, ebx: 0, ecx: 0, edx: 0, padding: [0, 0, 0] }, kvm_cpuid_entry2 { function: 0, index: 0, flags: 0, eax: 0, ebx: 0, ecx: 0, edx: 0, padding: [0, 0, 0] }, kvm_cpuid_entry2 { function: 0, index: 0, flags: 0, eax: 0, ebx: 0, ecx: 0, edx: 0, padding: [0, 0, 0] }, kvm_cpuid_entry2 { function: 0, index: 0, flags: 0, eax: 0, ebx: 0, ecx: 0, edx: 0, padding: [0, 0, 0] }, kvm_cpuid_entry2 { function: 0, index: 0, flags: 0, eax: 0, ebx: 0, ecx: 0, edx: 0, padding: [0, 0, 0] }, kvm_cpuid_entry2 { function: 0, index: 0, flags: 0, eax: 0, ebx: 0, ecx: 0, edx: 0, padding: [0, 0, 0] }, kvm_cpuid_entry2 { function: 0, index: 0, flags: 0, eax: 0, ebx: 0, ecx: 0, edx: 0, padding: [0, 0, 0] }, kvm_cpuid_entry2 { function: 0, index: 0, flags: 0, eax: 0, ebx: 0, ecx: 0, edx: 0, padding: [0, 0, 0] }, kvm_cpuid_entry2 { function: 0, index: 0, flags: 0, eax: 0, ebx: 0, ecx: 0, edx: 0, padding: [0, 0, 0] }, kvm_cpuid_entry2 { function: 0, index: 0, flags: 0, eax: 0, ebx: 0, ecx: 0, edx: 0, padding: [0, 0, 0] }, kvm_cpuid_entry2 { function: 0, index: 0, flags: 0, eax: 0, ebx: 0, ecx: 0, edx: 0, padding: [0, 0, 0] }, kvm_cpuid_entry2 { function: 0, index: 0, flags: 0, eax: 0, ebx: 0, ecx: 0, edx: 0, padding: [0, 0, 0] }, kvm_cpuid_entry2 { function: 0, index: 0, flags: 0, eax: 0, ebx: 0, ecx: 0, edx: 0, padding: [0, 0, 0] }, kvm_cpuid_entry2 { function: 0, index: 0, flags: 0, eax: 0, ebx: 0, ecx: 0, edx: 0, padding: [0, 0, 0] }, kvm_cpuid_entry2 { function: 0, index: 0, flags: 0, eax: 0, ebx: 0, ecx: 0, edx: 0, padding: [0, 0, 0] }, kvm_cpuid_entry2 { function: 0, index: 0, flags: 0, eax: 0, ebx: 0, ecx: 0, edx: 0, padding: [0, 0, 0] }, kvm_cpuid_entry2 { function: 0, index: 0, flags: 0, eax: 0, ebx: 0, ecx: 0, edx: 0, padding: [0, 0, 0] }, kvm_cpuid_entry2 { function: 0, index: 0, flags: 0, eax: 0, ebx: 0, ecx: 0, edx: 0, padding: [0, 0, 0] }, kvm_cpuid_entry2 { function: 0, index: 0, flags: 0, eax: 0, ebx: 0, ecx: 0, edx: 0, padding: [0, 0, 0] }, kvm_cpuid_entry2 { function: 0, index: 0, flags: 0, eax: 0, ebx: 0, ecx: 0, edx: 0, padding: [0, 0, 0] }, kvm_cpuid_entry2 { function: 0, index: 0, flags: 0, eax: 0, ebx: 0, ecx: 0, edx: 0, padding: [0, 0, 0] }, kvm_cpuid_entry2 { function: 0, index: 0, flags: 0, eax: 0, ebx: 0, ecx: 0, edx: 0, padding: [0, 0, 0] }, kvm_cpuid_entry2 { function: 0, index: 0, flags: 0, eax: 0, ebx: 0, ecx: 0, edx: 0, padding: [0, 0, 0] }, kvm_cpuid_entry2 { function: 0, index: 0, flags: 0, eax: 0, ebx: 0, ecx: 0, edx: 0, padding: [0, 0, 0] }, kvm_cpuid_entry2 { function: 0, index: 0, flags: 0, eax: 0, ebx: 0, ecx: 0, edx: 0, padding: [0, 0, 0] }, kvm_cpuid_entry2 { function: 0, index: 0, flags: 0, eax: 0, ebx: 0, ecx: 0, edx: 0, padding: [0, 0, 0] }, kvm_cpuid_entry2 { function: 0, index: 0, flags: 0, eax: 0, ebx: 0, ecx: 0, edx: 0, padding: [0, 0, 0] }, kvm_cpuid_entry2 { function: 0, index: 0, flags: 0, eax: 0, ebx: 0, ecx: 0, edx: 0, padding: [0, 0, 0] }, kvm_cpuid_entry2 { function: 0, index: 0, flags: 0, eax: 0, ebx: 0, ecx: 0, edx: 0, padding: [0, 0, 0] }, kvm_cpuid_entry2 { function: 0, index: 0, flags: 0, eax: 0, ebx: 0, ecx: 0, edx: 0, padding: [0, 0, 0] }, kvm_cpuid_entry2 { function: 0, index: 0, flags: 0, eax: 0, ebx: 0, ecx: 0, edx: 0, padding: [0, 0, 0] }, kvm_cpuid_entry2 { function: 0, index: 0, flags: 0, eax: 0, ebx: 0, ecx: 0, edx: 0, padding: [0, 0, 0] }, kvm_cpuid_entry2 { function: 0, index: 0, flags: 0, eax: 0, ebx: 0, ecx: 0, edx: 0, padding: [0, 0, 0] }, kvm_cpuid_entry2 { function: 0, index: 0, flags: 0, eax: 0, ebx: 0, ecx: 0, edx: 0, padding: [0, 0, 0] }, kvm_cpuid_entry2 { function: 0, index: 0, flags: 0, eax: 0, ebx: 0, ecx: 0, edx: 0, padding: [0, 0, 0] }, kvm_cpuid_entry2 { function: 0, index: 0, flags: 0, eax: 0, ebx: 0, ecx: 0, edx: 0, padding: [0, 0, 0] }, kvm_cpuid_entry2 { function: 0, index: 0, flags: 0, eax: 0, ebx: 0, ecx: 0, edx: 0, padding: [0, 0, 0] }, kvm_cpuid_entry2 { function: 0, index: 0, flags: 0, eax: 0, ebx: 0, ecx: 0, edx: 0, padding: [0, 0, 0] }, kvm_cpuid_entry2 { function: 0, index: 0, flags: 0, eax: 0, ebx: 0, ecx: 0, edx: 0, padding: [0, 0, 0] }, kvm_cpuid_entry2 { function: 0, index: 0, flags: 0, eax: 0, ebx: 0, ecx: 0, edx: 0, padding: [0, 0, 0] }, kvm_cpuid_entry2 { function: 0, index: 0, flags: 0, eax: 0, ebx: 0, ecx: 0, edx: 0, padding: [0, 0, 0] }, kvm_cpuid_entry2 { function: 0, index: 0, flags: 0, eax: 0, ebx: 0, ecx: 0, edx: 0, padding: [0, 0, 0] }, kvm_cpuid_entry2 { function: 0, index: 0, flags: 0, eax: 0, ebx: 0, ecx: 0, edx: 0, padding: [0, 0, 0] }, kvm_cpuid_entry2 { function: 0, index: 0, flags: 0, eax: 0, ebx: 0, ecx: 0, edx: 0, padding: [0, 0, 0] }, kvm_cpuid_entry2 { function: 0, index: 0, flags: 0, eax: 0, ebx: 0, ecx: 0, edx: 0, padding: [0, 0, 0] }, kvm_cpuid_entry2 { function: 0, index: 0, flags: 0, eax: 0, ebx: 0, ecx: 0, edx: 0, padding: [0, 0, 0] }, kvm_cpuid_entry2 { function: 0, index: 0, flags: 0, eax: 0, ebx: 0, ecx: 0, edx: 0, padding: [0, 0, 0] }, kvm_cpuid_entry2 { function: 0, index: 0, flags: 0, eax: 0, ebx: 0, ecx: 0, edx: 0, padding: [0, 0, 0] }, kvm_cpuid_entry2 { function: 0, index: 0, flags: 0, eax: 0, ebx: 0, ecx: 0, edx: 0, padding: [0, 0, 0] }, kvm_cpuid_entry2 { function: 0, index: 0, flags: 0, eax: 0, ebx: 0, ecx: 0, edx: 0, padding: [0, 0, 0] }, kvm_cpuid_entry2 { function: 0, index: 0, flags: 0, eax: 0, ebx: 0, ecx: 0, edx: 0, padding: [0, 0, 0] }, kvm_cpuid_entry2 { function: 0, index: 0, flags: 0, eax: 0, ebx: 0, ecx: 0, edx: 0, padding: [0, 0, 0] }, kvm_cpuid_entry2 { function: 0, index: 0, flags: 0, eax: 0, ebx: 0, ecx: 0, edx: 0, padding: [0, 0, 0] }, kvm_cpuid_entry2 { function: 0, index: 0, flags: 0, eax: 0, ebx: 0, ecx: 0, edx: 0, padding: [0, 0, 0] }, kvm_cpuid_entry2 { function: 0, index: 0, flags: 0, eax: 0, ebx: 0, ecx: 0, edx: 0, padding: [0, 0, 0] }, kvm_cpuid_entry2 { function: 0, index: 0, flags: 0, eax: 0, ebx: 0, ecx: 0, edx: 0, padding: [0, 0, 0] }, kvm_cpuid_entry2 { function: 0, index: 0, flags: 0, eax: 0, ebx: 0, ecx: 0, edx: 0, padding: [0, 0, 0] }, kvm_cpuid_entry2 { function: 0, index: 0, flags: 0, eax: 0, ebx: 0, ecx: 0, edx: 0, padding: [0, 0, 0] }, kvm_cpuid_entry2 { function: 0, index: 0, flags: 0, eax: 0, ebx: 0, ecx: 0, edx: 0, padding: [0, 0, 0] }, kvm_cpuid_entry2 { function: 0, index: 0, flags: 0, eax: 0, ebx: 0, ecx: 0, edx: 0, padding: [0, 0, 0] }, kvm_cpuid_entry2 { function: 0, index: 0, flags: 0, eax: 0, ebx: 0, ecx: 0, edx: 0, padding: [0, 0, 0] }, kvm_cpuid_entry2 { function: 0, index: 0, flags: 0, eax: 0, ebx: 0, ecx: 0, edx: 0, padding: [0, 0, 0] }, kvm_cpuid_entry2 { function: 0, index: 0, flags: 0, eax: 0, ebx: 0, ecx: 0, edx: 0, padding: [0, 0, 0] }, kvm_cpuid_entry2 { function: 0, index: 0, flags: 0, eax: 0, ebx: 0, ecx: 0, edx: 0, padding: [0, 0, 0] }, kvm_cpuid_entry2 { function: 0, index: 0, flags: 0, eax: 0, ebx: 0, ecx: 0, edx: 0, padding: [0, 0, 0] }, kvm_cpuid_entry2 { function: 0, index: 0, flags: 0, eax: 0, ebx: 0, ecx: 0, edx: 0, padding: [0, 0, 0] }, kvm_cpuid_entry2 { function: 0, index: 0, flags: 0, eax: 0, ebx: 0, ecx: 0, edx: 0, padding: [0, 0, 0] }, kvm_cpuid_entry2 { function: 0, index: 0, flags: 0, eax: 0, ebx: 0, ecx: 0, edx: 0, padding: [0, 0, 0] }, kvm_cpuid_entry2 { function: 0, index: 0, flags: 0, eax: 0, ebx: 0, ecx: 0, edx: 0, padding: [0, 0, 0] }, kvm_cpuid_entry2 { function: 0, index: 0, flags: 0, eax: 0, ebx: 0, ecx: 0, edx: 0, padding: [0, 0, 0] }, kvm_cpuid_entry2 { function: 0, index: 0, flags: 0, eax: 0, ebx: 0, ecx: 0, edx: 0, padding: [0, 0, 0] }, kvm_cpuid_entry2 { function: 0, index: 0, flags: 0, eax: 0, ebx: 0, ecx: 0, edx: 0, padding: [0, 0, 0] }, kvm_cpuid_entry2 { function: 0, index: 0, flags: 0, eax: 0, ebx: 0, ecx: 0, edx: 0, padding: [0, 0, 0] }, kvm_cpuid_entry2 { function: 0, index: 0, flags: 0, eax: 0, ebx: 0, ecx: 0, edx: 0, padding: [0, 0, 0] }, kvm_cpuid_entry2 { function: 0, index: 0, flags: 0, eax: 0, ebx: 0, ecx: 0, edx: 0, padding: [0, 0, 0] }, kvm_cpuid_entry2 { function: 0, index: 0, flags: 0, eax: 0, ebx: 0, ecx: 0, edx: 0, padding: [0, 0, 0] }, kvm_cpuid_entry2 { function: 0, index: 0, flags: 0, eax: 0, ebx: 0, ecx: 0, edx: 0, padding: [0, 0, 0] }, kvm_cpuid_entry2 { function: 0, index: 0, flags: 0, eax: 0, ebx: 0, ecx: 0, edx: 0, padding: [0, 0, 0] }, kvm_cpuid_entry2 { function: 0, index: 0, flags: 0, eax: 0, ebx: 0, ecx: 0, edx: 0, padding: [0, 0, 0] }, kvm_cpuid_entry2 { function: 0, index: 0, flags: 0, eax: 0, ebx: 0, ecx: 0, edx: 0, padding: [0, 0, 0] }, kvm_cpuid_entry2 { function: 0, index: 0, flags: 0, eax: 0, ebx: 0, ecx: 0, edx: 0, padding: [0, 0, 0] }, kvm_cpuid_entry2 { function: 0, index: 0, flags: 0, eax: 0, ebx: 0, ecx: 0, edx: 0, padding: [0, 0, 0] }, kvm_cpuid_entry2 { function: 0, index: 0, flags: 0, eax: 0, ebx: 0, ecx: 0, edx: 0, padding: [0, 0, 0] }, kvm_cpuid_entry2 { function: 0, index: 0, flags: 0, eax: 0, ebx: 0, ecx: 0, edx: 0, padding: [0, 0, 0] }, kvm_cpuid_entry2 { function: 0, index: 0, flags: 0, eax: 0, ebx: 0, ecx: 0, edx: 0, padding: [0, 0, 0] }, kvm_cpuid_entry2 { function: 0, index: 0, flags: 0, eax: 0, ebx: 0, ecx: 0, edx: 0, padding: [0, 0, 0] }, kvm_cpuid_entry2 { function: 0, index: 0, flags: 0, eax: 0, ebx: 0, ecx: 0, edx: 0, padding: [0, 0, 0] }, kvm_cpuid_entry2 { function: 0, index: 0, flags: 0, eax: 0, ebx: 0, ecx: 0, edx: 0, padding: [0, 0, 0] }, kvm_cpuid_entry2 { function: 0, index: 0, flags: 0, eax: 0, ebx: 0, ecx: 0, edx: 0, padding: [0, 0, 0] }, kvm_cpuid_entry2 { function: 0, index: 0, flags: 0, eax: 0, ebx: 0, ecx: 0, edx: 0, padding: [0, 0, 0] }, kvm_cpuid_entry2 { function: 0, index: 0, flags: 0, eax: 0, ebx: 0, ecx: 0, edx: 0, padding: [0, 0, 0] }, kvm_cpuid_entry2 { function: 0, index: 0, flags: 0, eax: 0, ebx: 0, ecx: 0, edx: 0, padding: [0, 0, 0] }, kvm_cpuid_entry2 { function: 0, index: 0, flags: 0, eax: 0, ebx: 0, ecx: 0, edx: 0, padding: [0, 0, 0] }, kvm_cpuid_entry2 { function: 0, index: 0, flags: 0, eax: 0, ebx: 0, ecx: 0, edx: 0, padding: [0, 0, 0] }, kvm_cpuid_entry2 { function: 0, index: 0, flags: 0, eax: 0, ebx: 0, ecx: 0, edx: 0, padding: [0, 0, 0] }, kvm_cpuid_entry2 { function: 0, index: 0, flags: 0, eax: 0, ebx: 0, ecx: 0, edx: 0, padding: [0, 0, 0] }, kvm_cpuid_entry2 { function: 0, index: 0, flags: 0, eax: 0, ebx: 0, ecx: 0, edx: 0, padding: [0, 0, 0] }, kvm_cpuid_entry2 { function: 0, index: 0, flags: 0, eax: 0, ebx: 0, ecx: 0, edx: 0, padding: [0, 0, 0] }, kvm_cpuid_entry2 { function: 0, index: 0, flags: 0, eax: 0, ebx: 0, ecx: 0, edx: 0, padding: [0, 0, 0] }, kvm_cpuid_entry2 { function: 0, index: 0, flags: 0, eax: 0, ebx: 0, ecx: 0, edx: 0, padding: [0, 0, 0] }, kvm_cpuid_entry2 { function: 0, index: 0, flags: 0, eax: 0, ebx: 0, ecx: 0, edx: 0, padding: [0, 0, 0] }, kvm_cpuid_entry2 { function: 0, index: 0, flags: 0, eax: 0, ebx: 0, ecx: 0, edx: 0, padding: [0, 0, 0] }, kvm_cpuid_entry2 { function: 0, index: 0, flags: 0, eax: 0, ebx: 0, ecx: 0, edx: 0, padding: [0, 0, 0] }, kvm_cpuid_entry2 { function: 0, index: 0, flags: 0, eax: 0, ebx: 0, ecx: 0, edx: 0, padding: [0, 0, 0] }, kvm_cpuid_entry2 { function: 0, index: 0, flags: 0, eax: 0, ebx: 0, ecx: 0, edx: 0, padding: [0, 0, 0] }, kvm_cpuid_entry2 { function: 0, index: 0, flags: 0, eax: 0, ebx: 0, ecx: 0, edx: 0, padding: [0, 0, 0] }, kvm_cpuid_entry2 { function: 0, index: 0, flags: 0, eax: 0, ebx: 0, ecx: 0, edx: 0, padding: [0, 0, 0] }, kvm_cpuid_entry2 { function: 0, index: 0, flags: 0, eax: 0, ebx: 0, ecx: 0, edx: 0, padding: [0, 0, 0] }, kvm_cpuid_entry2 { function: 0, index: 0, flags: 0, eax: 0, ebx: 0, ecx: 0, edx: 0, padding: [0, 0, 0] }, kvm_cpuid_entry2 { function: 0, index: 0, flags: 0, eax: 0, ebx: 0, ecx: 0, edx: 0, padding: [0, 0, 0] }, kvm_cpuid_entry2 { function: 0, index: 0, flags: 0, eax: 0, ebx: 0, ecx: 0, edx: 0, padding: [0, 0, 0] }, kvm_cpuid_entry2 { function: 0, index: 0, flags: 0, eax: 0, ebx: 0, ecx: 0, edx: 0, padding: [0, 0, 0] }, kvm_cpuid_entry2 { function: 0, index: 0, flags: 0, eax: 0, ebx: 0, ecx: 0, edx: 0, padding: [0, 0, 0] }, kvm_cpuid_entry2 { function: 0, index: 0, flags: 0, eax: 0, ebx: 0, ecx: 0, edx: 0, padding: [0, 0, 0] }, kvm_cpuid_entry2 { function: 0, index: 0, flags: 0, eax: 0, ebx: 0, ecx: 0, edx: 0, padding: [0, 0, 0] }, kvm_cpuid_entry2 { function: 0, index: 0, flags: 0, eax: 0, ebx: 0, ecx: 0, edx: 0, padding: [0, 0, 0] }, kvm_cpuid_entry2 { function: 0, index: 0, flags: 0, eax: 0, ebx: 0, ecx: 0, edx: 0, padding: [0, 0, 0] }, kvm_cpuid_entry2 { function: 0, index: 0, flags: 0, eax: 0, ebx: 0, ecx: 0, edx: 0, padding: [0, 0, 0] }, kvm_cpuid_entry2 { function: 0, index: 0, flags: 0, eax: 0, ebx: 0, ecx: 0, edx: 0, padding: [0, 0, 0] }, kvm_cpuid_entry2 { function: 0, index: 0, flags: 0, eax: 0, ebx: 0, ecx: 0, edx: 0, padding: [0, 0, 0] }, kvm_cpuid_entry2 { function: 0, index: 0, flags: 0, eax: 0, ebx: 0, ecx: 0, edx: 0, padding: [0, 0, 0] }, kvm_cpuid_entry2 { function: 0, index: 0, flags: 0, eax: 0, ebx: 0, ecx: 0, edx: 0, padding: [0, 0, 0] }] }
tdx cpu entries: [
    kvm_cpuid_entry2 {
        function: 0x0,
        index: 0x0,
        flags: 0x0,
        eax: 0x1f,
        ebx: 0x756e6547,
        ecx: 0x6c65746e,
        edx: 0x49656e69,
        padding: [
            0x0,
            0x0,
            0x0,
        ],
    },
    kvm_cpuid_entry2 {
        function: 0x1,
        index: 0x0,
        flags: 0x0,
        eax: 0xa06d1,
        ebx: 0x200800,
        ecx: 0xf7fa3217,
        edx: 0x3fabfbff,
        padding: [
            0x0,
            0x0,
            0x0,
        ],
    },
    kvm_cpuid_entry2 {
        function: 0x2,
        index: 0x0,
        flags: 0x6,
        eax: 0x1,
        ebx: 0x0,
        ecx: 0x4d,
        edx: 0x2c307d,
        padding: [
            0x0,
            0x0,
            0x0,
        ],
    },
    kvm_cpuid_entry2 {
        function: 0x4,
        index: 0x0,
        flags: 0x1,
        eax: 0xfc004121,
        ebx: 0x2c0003f,
        ecx: 0x3f,
        edx: 0x0,
        padding: [
            0x0,
            0x0,
            0x0,
        ],
    },
    kvm_cpuid_entry2 {
        function: 0x4,
        index: 0x1,
        flags: 0x1,
        eax: 0xfc004122,
        ebx: 0x3c0003f,
        ecx: 0x3f,
        edx: 0x0,
        padding: [
            0x0,
            0x0,
            0x0,
        ],
    },
    kvm_cpuid_entry2 {
        function: 0x4,
        index: 0x2,
        flags: 0x1,
        eax: 0xfc004143,
        ebx: 0x3c0003f,
        ecx: 0x7ff,
        edx: 0x0,
        padding: [
            0x0,
            0x0,
            0x0,
        ],
    },
    kvm_cpuid_entry2 {
        function: 0x4,
        index: 0x3,
        flags: 0x1,
        eax: 0xfc3fc163,
        ebx: 0x3c0003f,
        ecx: 0x53fff,
        edx: 0x4,
        padding: [
            0x0,
            0x0,
            0x0,
        ],
    },
    kvm_cpuid_entry2 {
        function: 0x4,
        index: 0x4,
        flags: 0x1,
        eax: 0x0,
        ebx: 0x0,
        ecx: 0x0,
        edx: 0x0,
        padding: [
            0x0,
            0x0,
            0x0,
        ],
    },
    kvm_cpuid_entry2 {
        function: 0x5,
        index: 0x0,
        flags: 0x0,
        eax: 0x0,
        ebx: 0x0,
        ecx: 0x3,
        edx: 0x0,
        padding: [
            0x0,
            0x0,
            0x0,
        ],
    },
    kvm_cpuid_entry2 {
        function: 0x6,
        index: 0x0,
        flags: 0x0,
        eax: 0x4,
        ebx: 0x0,
        ecx: 0x0,
        edx: 0x0,
        padding: [
            0x0,
            0x0,
            0x0,
        ],
    },
    kvm_cpuid_entry2 {
        function: 0x7,
        index: 0x0,
        flags: 0x1,
        eax: 0x2,
        ebx: 0xf1bf0fb9,
        ecx: 0x1b415f4e,
        edx: 0xffc94410,
        padding: [
            0x0,
            0x0,
            0x0,
        ],
    },
    kvm_cpuid_entry2 {
        function: 0x7,
        index: 0x1,
        flags: 0x1,
        eax: 0x201c30,
        ebx: 0x0,
        ecx: 0x0,
        edx: 0x4000,
        padding: [
            0x0,
            0x0,
            0x0,
        ],
    },
    kvm_cpuid_entry2 {
        function: 0x7,
        index: 0x2,
        flags: 0x1,
        eax: 0x0,
        ebx: 0x0,
        ecx: 0x0,
        edx: 0x20,
        padding: [
            0x0,
            0x0,
            0x0,
        ],
    },
    kvm_cpuid_entry2 {
        function: 0xb,
        index: 0x0,
        flags: 0x1,
        eax: 0x1,
        ebx: 0x2,
        ecx: 0x100,
        edx: 0x90,
        padding: [
            0x0,
            0x0,
            0x0,
        ],
    },
    kvm_cpuid_entry2 {
        function: 0xd,
        index: 0x0,
        flags: 0x1,
        eax: 0x602e7,
        ebx: 0x2b00,
        ecx: 0x2b00,
        edx: 0x0,
        padding: [
            0x0,
            0x0,
            0x0,
        ],
    },
    kvm_cpuid_entry2 {
        function: 0xd,
        index: 0x1,
        flags: 0x1,
        eax: 0x1f,
        ebx: 0x2cf0,
        ecx: 0x0,
        edx: 0x0,
        padding: [
            0x0,
            0x0,
            0x0,
        ],
    },
    kvm_cpuid_entry2 {
        function: 0xd,
        index: 0x2,
        flags: 0x1,
        eax: 0x100,
        ebx: 0x240,
        ecx: 0x0,
        edx: 0x0,
        padding: [
            0x0,
            0x0,
            0x0,
        ],
    },
    kvm_cpuid_entry2 {
        function: 0xd,
        index: 0x5,
        flags: 0x1,
        eax: 0x40,
        ebx: 0x440,
        ecx: 0x0,
        edx: 0x0,
        padding: [
            0x0,
            0x0,
            0x0,
        ],
    },
    kvm_cpuid_entry2 {
        function: 0xd,
        index: 0x6,
        flags: 0x1,
        eax: 0x200,
        ebx: 0x480,
        ecx: 0x0,
        edx: 0x0,
        padding: [
            0x0,
            0x0,
            0x0,
        ],
    },
    kvm_cpuid_entry2 {
        function: 0xd,
        index: 0x7,
        flags: 0x1,
        eax: 0x400,
        ebx: 0x680,
        ecx: 0x0,
        edx: 0x0,
        padding: [
            0x0,
            0x0,
            0x0,
        ],
    },
    kvm_cpuid_entry2 {
        function: 0xd,
        index: 0x9,
        flags: 0x1,
        eax: 0x8,
        ebx: 0xa80,
        ecx: 0x0,
        edx: 0x0,
        padding: [
            0x0,
            0x0,
            0x0,
        ],
    },
    kvm_cpuid_entry2 {
        function: 0xd,
        index: 0x11,
        flags: 0x1,
        eax: 0x40,
        ebx: 0xac0,
        ecx: 0x2,
        edx: 0x0,
        padding: [
            0x0,
            0x0,
            0x0,
        ],
    },
    kvm_cpuid_entry2 {
        function: 0xd,
        index: 0x12,
        flags: 0x1,
        eax: 0x2000,
        ebx: 0xb00,
        ecx: 0x6,
        edx: 0x0,
        padding: [
            0x0,
            0x0,
            0x0,
        ],
    },
    kvm_cpuid_entry2 {
        function: 0x12,
        index: 0x0,
        flags: 0x1,
        eax: 0x0,
        ebx: 0x0,
        ecx: 0x0,
        edx: 0x0,
        padding: [
            0x0,
            0x0,
            0x0,
        ],
    },
    kvm_cpuid_entry2 {
        function: 0x12,
        index: 0x1,
        flags: 0x1,
        eax: 0x0,
        ebx: 0x0,
        ecx: 0x0,
        edx: 0x0,
        padding: [
            0x0,
            0x0,
            0x0,
        ],
    },
    kvm_cpuid_entry2 {
        function: 0x14,
        index: 0x0,
        flags: 0x1,
        eax: 0x0,
        ebx: 0x0,
        ecx: 0x0,
        edx: 0x0,
        padding: [
            0x0,
            0x0,
            0x0,
        ],
    },
    kvm_cpuid_entry2 {
        function: 0x1d,
        index: 0x0,
        flags: 0x1,
        eax: 0x1,
        ebx: 0x0,
        ecx: 0x0,
        edx: 0x0,
        padding: [
            0x0,
            0x0,
            0x0,
        ],
    },
    kvm_cpuid_entry2 {
        function: 0x1d,
        index: 0x1,
        flags: 0x1,
        eax: 0x4002000,
        ebx: 0x80040,
        ecx: 0x10,
        edx: 0x0,
        padding: [
            0x0,
            0x0,
            0x0,
        ],
    },
    kvm_cpuid_entry2 {
        function: 0x1e,
        index: 0x0,
        flags: 0x1,
        eax: 0x0,
        ebx: 0x4010,
        ecx: 0x0,
        edx: 0x0,
        padding: [
            0x0,
            0x0,
            0x0,
        ],
    },
    kvm_cpuid_entry2 {
        function: 0x80000000,
        index: 0x0,
        flags: 0x0,
        eax: 0x80000008,
        ebx: 0x0,
        ecx: 0x0,
        edx: 0x0,
        padding: [
            0x0,
            0x0,
            0x0,
        ],
    },
    kvm_cpuid_entry2 {
        function: 0x80000001,
        index: 0x0,
        flags: 0x0,
        eax: 0x0,
        ebx: 0x0,
        ecx: 0x121,
        edx: 0x2c100800,
        padding: [
            0x0,
            0x0,
            0x0,
        ],
    },
    kvm_cpuid_entry2 {
        function: 0x80000002,
        index: 0x0,
        flags: 0x0,
        eax: 0x65746e49,
        ebx: 0x2952286c,
        ecx: 0x6f655820,
        edx: 0x2952286e,
        padding: [
            0x0,
            0x0,
            0x0,
        ],
    },
    kvm_cpuid_entry2 {
        function: 0x80000003,
        index: 0x0,
        flags: 0x0,
        eax: 0x38373620,
        ebx: 0x5037,
        ecx: 0x0,
        edx: 0x0,
        padding: [
            0x0,
            0x0,
            0x0,
        ],
    },
    kvm_cpuid_entry2 {
        function: 0x80000006,
        index: 0x0,
        flags: 0x0,
        eax: 0x0,
        ebx: 0x0,
        ecx: 0x8007040,
        edx: 0x0,
        padding: [
            0x0,
            0x0,
            0x0,
        ],
    },
    kvm_cpuid_entry2 {
        function: 0x80000008,
        index: 0x0,
        flags: 0x0,
        eax: 0x343934,
        ebx: 0x200,
        ecx: 0x501f,
        edx: 0x0,
        padding: [
            0x0,
            0x0,
            0x0,
        ],
    },
    kvm_cpuid_entry2 {
        function: 0x0,
        index: 0x0,
        flags: 0x0,
        eax: 0x0,
        ebx: 0x0,
        ecx: 0x0,
        edx: 0x0,
        padding: [
            0x0,
            0x0,
            0x0,
        ],
    },
    kvm_cpuid_entry2 {
        function: 0x0,
        index: 0x0,
        flags: 0x0,
        eax: 0x0,
        ebx: 0x0,
        ecx: 0x0,
        edx: 0x0,
        padding: [
            0x0,
            0x0,
            0x0,
        ],
    },
    kvm_cpuid_entry2 {
        function: 0x0,
        index: 0x0,
        flags: 0x0,
        eax: 0x0,
        ebx: 0x0,
        ecx: 0x0,
        edx: 0x0,
        padding: [
            0x0,
            0x0,
            0x0,
        ],
    },
    kvm_cpuid_entry2 {
        function: 0x0,
        index: 0x0,
        flags: 0x0,
        eax: 0x0,
        ebx: 0x0,
        ecx: 0x0,
        edx: 0x0,
        padding: [
            0x0,
            0x0,
            0x0,
        ],
    },
    kvm_cpuid_entry2 {
        function: 0x0,
        index: 0x0,
        flags: 0x0,
        eax: 0x0,
        ebx: 0x0,
        ecx: 0x0,
        edx: 0x0,
        padding: [
            0x0,
            0x0,
            0x0,
        ],
    },
    kvm_cpuid_entry2 {
        function: 0x0,
        index: 0x0,
        flags: 0x0,
        eax: 0x0,
        ebx: 0x0,
        ecx: 0x0,
        edx: 0x0,
        padding: [
            0x0,
            0x0,
            0x0,
        ],
    },
    kvm_cpuid_entry2 {
        function: 0x0,
        index: 0x0,
        flags: 0x0,
        eax: 0x0,
        ebx: 0x0,
        ecx: 0x0,
        edx: 0x0,
        padding: [
            0x0,
            0x0,
            0x0,
        ],
    },
    kvm_cpuid_entry2 {
        function: 0x0,
        index: 0x0,
        flags: 0x0,
        eax: 0x0,
        ebx: 0x0,
        ecx: 0x0,
        edx: 0x0,
        padding: [
            0x0,
            0x0,
            0x0,
        ],
    },
    kvm_cpuid_entry2 {
        function: 0x0,
        index: 0x0,
        flags: 0x0,
        eax: 0x0,
        ebx: 0x0,
        ecx: 0x0,
        edx: 0x0,
        padding: [
            0x0,
            0x0,
            0x0,
        ],
    },
    kvm_cpuid_entry2 {
        function: 0x0,
        index: 0x0,
        flags: 0x0,
        eax: 0x0,
        ebx: 0x0,
        ecx: 0x0,
        edx: 0x0,
        padding: [
            0x0,
            0x0,
            0x0,
        ],
    },
    kvm_cpuid_entry2 {
        function: 0x0,
        index: 0x0,
        flags: 0x0,
        eax: 0x0,
        ebx: 0x0,
        ecx: 0x0,
        edx: 0x0,
        padding: [
            0x0,
            0x0,
            0x0,
        ],
    },
    kvm_cpuid_entry2 {
        function: 0x0,
        index: 0x0,
        flags: 0x0,
        eax: 0x0,
        ebx: 0x0,
        ecx: 0x0,
        edx: 0x0,
        padding: [
            0x0,
            0x0,
            0x0,
        ],
    },
    kvm_cpuid_entry2 {
        function: 0x0,
        index: 0x0,
        flags: 0x0,
        eax: 0x0,
        ebx: 0x0,
        ecx: 0x0,
        edx: 0x0,
        padding: [
            0x0,
            0x0,
            0x0,
        ],
    },
    kvm_cpuid_entry2 {
        function: 0x0,
        index: 0x0,
        flags: 0x0,
        eax: 0x0,
        ebx: 0x0,
        ecx: 0x0,
        edx: 0x0,
        padding: [
            0x0,
            0x0,
            0x0,
        ],
    },
    kvm_cpuid_entry2 {
        function: 0x0,
        index: 0x0,
        flags: 0x0,
        eax: 0x0,
        ebx: 0x0,
        ecx: 0x0,
        edx: 0x0,
        padding: [
            0x0,
            0x0,
            0x0,
        ],
    },
    kvm_cpuid_entry2 {
        function: 0x0,
        index: 0x0,
        flags: 0x0,
        eax: 0x0,
        ebx: 0x0,
        ecx: 0x0,
        edx: 0x0,
        padding: [
            0x0,
            0x0,
            0x0,
        ],
    },
    kvm_cpuid_entry2 {
        function: 0x0,
        index: 0x0,
        flags: 0x0,
        eax: 0x0,
        ebx: 0x0,
        ecx: 0x0,
        edx: 0x0,
        padding: [
            0x0,
            0x0,
            0x0,
        ],
    },
    kvm_cpuid_entry2 {
        function: 0x0,
        index: 0x0,
        flags: 0x0,
        eax: 0x0,
        ebx: 0x0,
        ecx: 0x0,
        edx: 0x0,
        padding: [
            0x0,
            0x0,
            0x0,
        ],
    },
    kvm_cpuid_entry2 {
        function: 0x0,
        index: 0x0,
        flags: 0x0,
        eax: 0x0,
        ebx: 0x0,
        ecx: 0x0,
        edx: 0x0,
        padding: [
            0x0,
            0x0,
            0x0,
        ],
    },
    kvm_cpuid_entry2 {
        function: 0x0,
        index: 0x0,
        flags: 0x0,
        eax: 0x0,
        ebx: 0x0,
        ecx: 0x0,
        edx: 0x0,
        padding: [
            0x0,
            0x0,
            0x0,
        ],
    },
    kvm_cpuid_entry2 {
        function: 0x0,
        index: 0x0,
        flags: 0x0,
        eax: 0x0,
        ebx: 0x0,
        ecx: 0x0,
        edx: 0x0,
        padding: [
            0x0,
            0x0,
            0x0,
        ],
    },
    kvm_cpuid_entry2 {
        function: 0x0,
        index: 0x0,
        flags: 0x0,
        eax: 0x0,
        ebx: 0x0,
        ecx: 0x0,
        edx: 0x0,
        padding: [
            0x0,
            0x0,
            0x0,
        ],
    },
    kvm_cpuid_entry2 {
        function: 0x0,
        index: 0x0,
        flags: 0x0,
        eax: 0x0,
        ebx: 0x0,
        ecx: 0x0,
        edx: 0x0,
        padding: [
            0x0,
            0x0,
            0x0,
        ],
    },
    kvm_cpuid_entry2 {
        function: 0x0,
        index: 0x0,
        flags: 0x0,
        eax: 0x0,
        ebx: 0x0,
        ecx: 0x0,
        edx: 0x0,
        padding: [
            0x0,
            0x0,
            0x0,
        ],
    },
    kvm_cpuid_entry2 {
        function: 0x0,
        index: 0x0,
        flags: 0x0,
        eax: 0x0,
        ebx: 0x0,
        ecx: 0x0,
        edx: 0x0,
        padding: [
            0x0,
            0x0,
            0x0,
        ],
    },
    kvm_cpuid_entry2 {
        function: 0x0,
        index: 0x0,
        flags: 0x0,
        eax: 0x0,
        ebx: 0x0,
        ecx: 0x0,
        edx: 0x0,
        padding: [
            0x0,
            0x0,
            0x0,
        ],
    },
    kvm_cpuid_entry2 {
        function: 0x0,
        index: 0x0,
        flags: 0x0,
        eax: 0x0,
        ebx: 0x0,
        ecx: 0x0,
        edx: 0x0,
        padding: [
            0x0,
            0x0,
            0x0,
        ],
    },
    kvm_cpuid_entry2 {
        function: 0x0,
        index: 0x0,
        flags: 0x0,
        eax: 0x0,
        ebx: 0x0,
        ecx: 0x0,
        edx: 0x0,
        padding: [
            0x0,
            0x0,
            0x0,
        ],
    },
    kvm_cpuid_entry2 {
        function: 0x0,
        index: 0x0,
        flags: 0x0,
        eax: 0x0,
        ebx: 0x0,
        ecx: 0x0,
        edx: 0x0,
        padding: [
            0x0,
            0x0,
            0x0,
        ],
    },
    kvm_cpuid_entry2 {
        function: 0x0,
        index: 0x0,
        flags: 0x0,
        eax: 0x0,
        ebx: 0x0,
        ecx: 0x0,
        edx: 0x0,
        padding: [
            0x0,
            0x0,
            0x0,
        ],
    },
    kvm_cpuid_entry2 {
        function: 0x0,
        index: 0x0,
        flags: 0x0,
        eax: 0x0,
        ebx: 0x0,
        ecx: 0x0,
        edx: 0x0,
        padding: [
            0x0,
            0x0,
            0x0,
        ],
    },
    kvm_cpuid_entry2 {
        function: 0x0,
        index: 0x0,
        flags: 0x0,
        eax: 0x0,
        ebx: 0x0,
        ecx: 0x0,
        edx: 0x0,
        padding: [
            0x0,
            0x0,
            0x0,
        ],
    },
    kvm_cpuid_entry2 {
        function: 0x0,
        index: 0x0,
        flags: 0x0,
        eax: 0x0,
        ebx: 0x0,
        ecx: 0x0,
        edx: 0x0,
        padding: [
            0x0,
            0x0,
            0x0,
        ],
    },
    kvm_cpuid_entry2 {
        function: 0x0,
        index: 0x0,
        flags: 0x0,
        eax: 0x0,
        ebx: 0x0,
        ecx: 0x0,
        edx: 0x0,
        padding: [
            0x0,
            0x0,
            0x0,
        ],
    },
    kvm_cpuid_entry2 {
        function: 0x0,
        index: 0x0,
        flags: 0x0,
        eax: 0x0,
        ebx: 0x0,
        ecx: 0x0,
        edx: 0x0,
        padding: [
            0x0,
            0x0,
            0x0,
        ],
    },
    kvm_cpuid_entry2 {
        function: 0x0,
        index: 0x0,
        flags: 0x0,
        eax: 0x0,
        ebx: 0x0,
        ecx: 0x0,
        edx: 0x0,
        padding: [
            0x0,
            0x0,
            0x0,
        ],
    },
    kvm_cpuid_entry2 {
        function: 0x0,
        index: 0x0,
        flags: 0x0,
        eax: 0x0,
        ebx: 0x0,
        ecx: 0x0,
        edx: 0x0,
        padding: [
            0x0,
            0x0,
            0x0,
        ],
    },
    kvm_cpuid_entry2 {
        function: 0x0,
        index: 0x0,
        flags: 0x0,
        eax: 0x0,
        ebx: 0x0,
        ecx: 0x0,
        edx: 0x0,
        padding: [
            0x0,
            0x0,
            0x0,
        ],
    },
    kvm_cpuid_entry2 {
        function: 0x0,
        index: 0x0,
        flags: 0x0,
        eax: 0x0,
        ebx: 0x0,
        ecx: 0x0,
        edx: 0x0,
        padding: [
            0x0,
            0x0,
            0x0,
        ],
    },
    kvm_cpuid_entry2 {
        function: 0x0,
        index: 0x0,
        flags: 0x0,
        eax: 0x0,
        ebx: 0x0,
        ecx: 0x0,
        edx: 0x0,
        padding: [
            0x0,
            0x0,
            0x0,
        ],
    },
    kvm_cpuid_entry2 {
        function: 0x0,
        index: 0x0,
        flags: 0x0,
        eax: 0x0,
        ebx: 0x0,
        ecx: 0x0,
        edx: 0x0,
        padding: [
            0x0,
            0x0,
            0x0,
        ],
    },
    kvm_cpuid_entry2 {
        function: 0x0,
        index: 0x0,
        flags: 0x0,
        eax: 0x0,
        ebx: 0x0,
        ecx: 0x0,
        edx: 0x0,
        padding: [
            0x0,
            0x0,
            0x0,
        ],
    },
    kvm_cpuid_entry2 {
        function: 0x0,
        index: 0x0,
        flags: 0x0,
        eax: 0x0,
        ebx: 0x0,
        ecx: 0x0,
        edx: 0x0,
        padding: [
            0x0,
            0x0,
            0x0,
        ],
    },
    kvm_cpuid_entry2 {
        function: 0x0,
        index: 0x0,
        flags: 0x0,
        eax: 0x0,
        ebx: 0x0,
        ecx: 0x0,
        edx: 0x0,
        padding: [
            0x0,
            0x0,
            0x0,
        ],
    },
    kvm_cpuid_entry2 {
        function: 0x0,
        index: 0x0,
        flags: 0x0,
        eax: 0x0,
        ebx: 0x0,
        ecx: 0x0,
        edx: 0x0,
        padding: [
            0x0,
            0x0,
            0x0,
        ],
    },
    kvm_cpuid_entry2 {
        function: 0x0,
        index: 0x0,
        flags: 0x0,
        eax: 0x0,
        ebx: 0x0,
        ecx: 0x0,
        edx: 0x0,
        padding: [
            0x0,
            0x0,
            0x0,
        ],
    },
    kvm_cpuid_entry2 {
        function: 0x0,
        index: 0x0,
        flags: 0x0,
        eax: 0x0,
        ebx: 0x0,
        ecx: 0x0,
        edx: 0x0,
        padding: [
            0x0,
            0x0,
            0x0,
        ],
    },
    kvm_cpuid_entry2 {
        function: 0x0,
        index: 0x0,
        flags: 0x0,
        eax: 0x0,
        ebx: 0x0,
        ecx: 0x0,
        edx: 0x0,
        padding: [
            0x0,
            0x0,
            0x0,
        ],
    },
    kvm_cpuid_entry2 {
        function: 0x0,
        index: 0x0,
        flags: 0x0,
        eax: 0x0,
        ebx: 0x0,
        ecx: 0x0,
        edx: 0x0,
        padding: [
            0x0,
            0x0,
            0x0,
        ],
    },
    kvm_cpuid_entry2 {
        function: 0x0,
        index: 0x0,
        flags: 0x0,
        eax: 0x0,
        ebx: 0x0,
        ecx: 0x0,
        edx: 0x0,
        padding: [
            0x0,
            0x0,
            0x0,
        ],
    },
    kvm_cpuid_entry2 {
        function: 0x0,
        index: 0x0,
        flags: 0x0,
        eax: 0x0,
        ebx: 0x0,
        ecx: 0x0,
        edx: 0x0,
        padding: [
            0x0,
            0x0,
            0x0,
        ],
    },
    kvm_cpuid_entry2 {
        function: 0x0,
        index: 0x0,
        flags: 0x0,
        eax: 0x0,
        ebx: 0x0,
        ecx: 0x0,
        edx: 0x0,
        padding: [
            0x0,
            0x0,
            0x0,
        ],
    },
    kvm_cpuid_entry2 {
        function: 0x0,
        index: 0x0,
        flags: 0x0,
        eax: 0x0,
        ebx: 0x0,
        ecx: 0x0,
        edx: 0x0,
        padding: [
            0x0,
            0x0,
            0x0,
        ],
    },
    kvm_cpuid_entry2 {
        function: 0x0,
        index: 0x0,
        flags: 0x0,
        eax: 0x0,
        ebx: 0x0,
        ecx: 0x0,
        edx: 0x0,
        padding: [
            0x0,
            0x0,
            0x0,
        ],
    },
    kvm_cpuid_entry2 {
        function: 0x0,
        index: 0x0,
        flags: 0x0,
        eax: 0x0,
        ebx: 0x0,
        ecx: 0x0,
        edx: 0x0,
        padding: [
            0x0,
            0x0,
            0x0,
        ],
    },
    kvm_cpuid_entry2 {
        function: 0x0,
        index: 0x0,
        flags: 0x0,
        eax: 0x0,
        ebx: 0x0,
        ecx: 0x0,
        edx: 0x0,
        padding: [
            0x0,
            0x0,
            0x0,
        ],
    },
    kvm_cpuid_entry2 {
        function: 0x0,
        index: 0x0,
        flags: 0x0,
        eax: 0x0,
        ebx: 0x0,
        ecx: 0x0,
        edx: 0x0,
        padding: [
            0x0,
            0x0,
            0x0,
        ],
    },
    kvm_cpuid_entry2 {
        function: 0x0,
        index: 0x0,
        flags: 0x0,
        eax: 0x0,
        ebx: 0x0,
        ecx: 0x0,
        edx: 0x0,
        padding: [
            0x0,
            0x0,
            0x0,
        ],
    },
    kvm_cpuid_entry2 {
        function: 0x0,
        index: 0x0,
        flags: 0x0,
        eax: 0x0,
        ebx: 0x0,
        ecx: 0x0,
        edx: 0x0,
        padding: [
            0x0,
            0x0,
            0x0,
        ],
    },
    kvm_cpuid_entry2 {
        function: 0x0,
        index: 0x0,
        flags: 0x0,
        eax: 0x0,
        ebx: 0x0,
        ecx: 0x0,
        edx: 0x0,
        padding: [
            0x0,
            0x0,
            0x0,
        ],
    },
    kvm_cpuid_entry2 {
        function: 0x0,
        index: 0x0,
        flags: 0x0,
        eax: 0x0,
        ebx: 0x0,
        ecx: 0x0,
        edx: 0x0,
        padding: [
            0x0,
            0x0,
            0x0,
        ],
    },
    kvm_cpuid_entry2 {
        function: 0x0,
        index: 0x0,
        flags: 0x0,
        eax: 0x0,
        ebx: 0x0,
        ecx: 0x0,
        edx: 0x0,
        padding: [
            0x0,
            0x0,
            0x0,
        ],
    },
    kvm_cpuid_entry2 {
        function: 0x0,
        index: 0x0,
        flags: 0x0,
        eax: 0x0,
        ebx: 0x0,
        ecx: 0x0,
        edx: 0x0,
        padding: [
            0x0,
            0x0,
            0x0,
        ],
    },
    kvm_cpuid_entry2 {
        function: 0x0,
        index: 0x0,
        flags: 0x0,
        eax: 0x0,
        ebx: 0x0,
        ecx: 0x0,
        edx: 0x0,
        padding: [
            0x0,
            0x0,
            0x0,
        ],
    },
    kvm_cpuid_entry2 {
        function: 0x0,
        index: 0x0,
        flags: 0x0,
        eax: 0x0,
        ebx: 0x0,
        ecx: 0x0,
        edx: 0x0,
        padding: [
            0x0,
            0x0,
            0x0,
        ],
    },
    kvm_cpuid_entry2 {
        function: 0x0,
        index: 0x0,
        flags: 0x0,
        eax: 0x0,
        ebx: 0x0,
        ecx: 0x0,
        edx: 0x0,
        padding: [
            0x0,
            0x0,
            0x0,
        ],
    },
    kvm_cpuid_entry2 {
        function: 0x0,
        index: 0x0,
        flags: 0x0,
        eax: 0x0,
        ebx: 0x0,
        ecx: 0x0,
        edx: 0x0,
        padding: [
            0x0,
            0x0,
            0x0,
        ],
    },
    kvm_cpuid_entry2 {
        function: 0x0,
        index: 0x0,
        flags: 0x0,
        eax: 0x0,
        ebx: 0x0,
        ecx: 0x0,
        edx: 0x0,
        padding: [
            0x0,
            0x0,
            0x0,
        ],
    },
    kvm_cpuid_entry2 {
        function: 0x0,
        index: 0x0,
        flags: 0x0,
        eax: 0x0,
        ebx: 0x0,
        ecx: 0x0,
        edx: 0x0,
        padding: [
            0x0,
            0x0,
            0x0,
        ],
    },
    kvm_cpuid_entry2 {
        function: 0x0,
        index: 0x0,
        flags: 0x0,
        eax: 0x0,
        ebx: 0x0,
        ecx: 0x0,
        edx: 0x0,
        padding: [
            0x0,
            0x0,
            0x0,
        ],
    },
    kvm_cpuid_entry2 {
        function: 0x0,
        index: 0x0,
        flags: 0x0,
        eax: 0x0,
        ebx: 0x0,
        ecx: 0x0,
        edx: 0x0,
        padding: [
            0x0,
            0x0,
            0x0,
        ],
    },
    kvm_cpuid_entry2 {
        function: 0x0,
        index: 0x0,
        flags: 0x0,
        eax: 0x0,
        ebx: 0x0,
        ecx: 0x0,
        edx: 0x0,
        padding: [
            0x0,
            0x0,
            0x0,
        ],
    },
    kvm_cpuid_entry2 {
        function: 0x0,
        index: 0x0,
        flags: 0x0,
        eax: 0x0,
        ebx: 0x0,
        ecx: 0x0,
        edx: 0x0,
        padding: [
            0x0,
            0x0,
            0x0,
        ],
    },
    kvm_cpuid_entry2 {
        function: 0x0,
        index: 0x0,
        flags: 0x0,
        eax: 0x0,
        ebx: 0x0,
        ecx: 0x0,
        edx: 0x0,
        padding: [
            0x0,
            0x0,
            0x0,
        ],
    },
    kvm_cpuid_entry2 {
        function: 0x0,
        index: 0x0,
        flags: 0x0,
        eax: 0x0,
        ebx: 0x0,
        ecx: 0x0,
        edx: 0x0,
        padding: [
            0x0,
            0x0,
            0x0,
        ],
    },
    kvm_cpuid_entry2 {
        function: 0x0,
        index: 0x0,
        flags: 0x0,
        eax: 0x0,
        ebx: 0x0,
        ecx: 0x0,
        edx: 0x0,
        padding: [
            0x0,
            0x0,
            0x0,
        ],
    },
    kvm_cpuid_entry2 {
        function: 0x0,
        index: 0x0,
        flags: 0x0,
        eax: 0x0,
        ebx: 0x0,
        ecx: 0x0,
        edx: 0x0,
        padding: [
            0x0,
            0x0,
            0x0,
        ],
    },
    kvm_cpuid_entry2 {
        function: 0x0,
        index: 0x0,
        flags: 0x0,
        eax: 0x0,
        ebx: 0x0,
        ecx: 0x0,
        edx: 0x0,
        padding: [
            0x0,
            0x0,
            0x0,
        ],
    },
    kvm_cpuid_entry2 {
        function: 0x0,
        index: 0x0,
        flags: 0x0,
        eax: 0x0,
        ebx: 0x0,
        ecx: 0x0,
        edx: 0x0,
        padding: [
            0x0,
            0x0,
            0x0,
        ],
    },
    kvm_cpuid_entry2 {
        function: 0x0,
        index: 0x0,
        flags: 0x0,
        eax: 0x0,
        ebx: 0x0,
        ecx: 0x0,
        edx: 0x0,
        padding: [
            0x0,
            0x0,
            0x0,
        ],
    },
    kvm_cpuid_entry2 {
        function: 0x0,
        index: 0x0,
        flags: 0x0,
        eax: 0x0,
        ebx: 0x0,
        ecx: 0x0,
        edx: 0x0,
        padding: [
            0x0,
            0x0,
            0x0,
        ],
    },
    kvm_cpuid_entry2 {
        function: 0x0,
        index: 0x0,
        flags: 0x0,
        eax: 0x0,
        ebx: 0x0,
        ecx: 0x0,
        edx: 0x0,
        padding: [
            0x0,
            0x0,
            0x0,
        ],
    },
    kvm_cpuid_entry2 {
        function: 0x0,
        index: 0x0,
        flags: 0x0,
        eax: 0x0,
        ebx: 0x0,
        ecx: 0x0,
        edx: 0x0,
        padding: [
            0x0,
            0x0,
            0x0,
        ],
    },
    kvm_cpuid_entry2 {
        function: 0x0,
        index: 0x0,
        flags: 0x0,
        eax: 0x0,
        ebx: 0x0,
        ecx: 0x0,
        edx: 0x0,
        padding: [
            0x0,
            0x0,
            0x0,
        ],
    },
    kvm_cpuid_entry2 {
        function: 0x0,
        index: 0x0,
        flags: 0x0,
        eax: 0x0,
        ebx: 0x0,
        ecx: 0x0,
        edx: 0x0,
        padding: [
            0x0,
            0x0,
            0x0,
        ],
    },
    kvm_cpuid_entry2 {
        function: 0x0,
        index: 0x0,
        flags: 0x0,
        eax: 0x0,
        ebx: 0x0,
        ecx: 0x0,
        edx: 0x0,
        padding: [
            0x0,
            0x0,
            0x0,
        ],
    },
    kvm_cpuid_entry2 {
        function: 0x0,
        index: 0x0,
        flags: 0x0,
        eax: 0x0,
        ebx: 0x0,
        ecx: 0x0,
        edx: 0x0,
        padding: [
            0x0,
            0x0,
            0x0,
        ],
    },
    kvm_cpuid_entry2 {
        function: 0x0,
        index: 0x0,
        flags: 0x0,
        eax: 0x0,
        ebx: 0x0,
        ecx: 0x0,
        edx: 0x0,
        padding: [
            0x0,
            0x0,
            0x0,
        ],
    },
    kvm_cpuid_entry2 {
        function: 0x0,
        index: 0x0,
        flags: 0x0,
        eax: 0x0,
        ebx: 0x0,
        ecx: 0x0,
        edx: 0x0,
        padding: [
            0x0,
            0x0,
            0x0,
        ],
    },
    kvm_cpuid_entry2 {
        function: 0x0,
        index: 0x0,
        flags: 0x0,
        eax: 0x0,
        ebx: 0x0,
        ecx: 0x0,
        edx: 0x0,
        padding: [
            0x0,
            0x0,
            0x0,
        ],
    },
    kvm_cpuid_entry2 {
        function: 0x0,
        index: 0x0,
        flags: 0x0,
        eax: 0x0,
        ebx: 0x0,
        ecx: 0x0,
        edx: 0x0,
        padding: [
            0x0,
            0x0,
            0x0,
        ],
    },
    kvm_cpuid_entry2 {
        function: 0x0,
        index: 0x0,
        flags: 0x0,
        eax: 0x0,
        ebx: 0x0,
        ecx: 0x0,
        edx: 0x0,
        padding: [
            0x0,
            0x0,
            0x0,
        ],
    },
    kvm_cpuid_entry2 {
        function: 0x0,
        index: 0x0,
        flags: 0x0,
        eax: 0x0,
        ebx: 0x0,
        ecx: 0x0,
        edx: 0x0,
        padding: [
            0x0,
            0x0,
            0x0,
        ],
    },
    kvm_cpuid_entry2 {
        function: 0x0,
        index: 0x0,
        flags: 0x0,
        eax: 0x0,
        ebx: 0x0,
        ecx: 0x0,
        edx: 0x0,
        padding: [
            0x0,
            0x0,
            0x0,
        ],
    },
    kvm_cpuid_entry2 {
        function: 0x0,
        index: 0x0,
        flags: 0x0,
        eax: 0x0,
        ebx: 0x0,
        ecx: 0x0,
        edx: 0x0,
        padding: [
            0x0,
            0x0,
            0x0,
        ],
    },
    kvm_cpuid_entry2 {
        function: 0x0,
        index: 0x0,
        flags: 0x0,
        eax: 0x0,
        ebx: 0x0,
        ecx: 0x0,
        edx: 0x0,
        padding: [
            0x0,
            0x0,
            0x0,
        ],
    },
    kvm_cpuid_entry2 {
        function: 0x0,
        index: 0x0,
        flags: 0x0,
        eax: 0x0,
        ebx: 0x0,
        ecx: 0x0,
        edx: 0x0,
        padding: [
            0x0,
            0x0,
            0x0,
        ],
    },
    kvm_cpuid_entry2 {
        function: 0x0,
        index: 0x0,
        flags: 0x0,
        eax: 0x0,
        ebx: 0x0,
        ecx: 0x0,
        edx: 0x0,
        padding: [
            0x0,
            0x0,
            0x0,
        ],
    },
    kvm_cpuid_entry2 {
        function: 0x0,
        index: 0x0,
        flags: 0x0,
        eax: 0x0,
        ebx: 0x0,
        ecx: 0x0,
        edx: 0x0,
        padding: [
            0x0,
            0x0,
            0x0,
        ],
    },
    kvm_cpuid_entry2 {
        function: 0x0,
        index: 0x0,
        flags: 0x0,
        eax: 0x0,
        ebx: 0x0,
        ecx: 0x0,
        edx: 0x0,
        padding: [
            0x0,
            0x0,
            0x0,
        ],
    },
    kvm_cpuid_entry2 {
        function: 0x0,
        index: 0x0,
        flags: 0x0,
        eax: 0x0,
        ebx: 0x0,
        ecx: 0x0,
        edx: 0x0,
        padding: [
            0x0,
            0x0,
            0x0,
        ],
    },
    kvm_cpuid_entry2 {
        function: 0x0,
        index: 0x0,
        flags: 0x0,
        eax: 0x0,
        ebx: 0x0,
        ecx: 0x0,
        edx: 0x0,
        padding: [
            0x0,
            0x0,
            0x0,
        ],
    },
    kvm_cpuid_entry2 {
        function: 0x0,
        index: 0x0,
        flags: 0x0,
        eax: 0x0,
        ebx: 0x0,
        ecx: 0x0,
        edx: 0x0,
        padding: [
            0x0,
            0x0,
            0x0,
        ],
    },
    kvm_cpuid_entry2 {
        function: 0x0,
        index: 0x0,
        flags: 0x0,
        eax: 0x0,
        ebx: 0x0,
        ecx: 0x0,
        edx: 0x0,
        padding: [
            0x0,
            0x0,
            0x0,
        ],
    },
    kvm_cpuid_entry2 {
        function: 0x0,
        index: 0x0,
        flags: 0x0,
        eax: 0x0,
        ebx: 0x0,
        ecx: 0x0,
        edx: 0x0,
        padding: [
            0x0,
            0x0,
            0x0,
        ],
    },
    kvm_cpuid_entry2 {
        function: 0x0,
        index: 0x0,
        flags: 0x0,
        eax: 0x0,
        ebx: 0x0,
        ecx: 0x0,
        edx: 0x0,
        padding: [
            0x0,
            0x0,
            0x0,
        ],
    },
    kvm_cpuid_entry2 {
        function: 0x0,
        index: 0x0,
        flags: 0x0,
        eax: 0x0,
        ebx: 0x0,
        ecx: 0x0,
        edx: 0x0,
        padding: [
            0x0,
            0x0,
            0x0,
        ],
    },
    kvm_cpuid_entry2 {
        function: 0x0,
        index: 0x0,
        flags: 0x0,
        eax: 0x0,
        ebx: 0x0,
        ecx: 0x0,
        edx: 0x0,
        padding: [
            0x0,
            0x0,
            0x0,
        ],
    },
    kvm_cpuid_entry2 {
        function: 0x0,
        index: 0x0,
        flags: 0x0,
        eax: 0x0,
        ebx: 0x0,
        ecx: 0x0,
        edx: 0x0,
        padding: [
            0x0,
            0x0,
            0x0,
        ],
    },
    kvm_cpuid_entry2 {
        function: 0x0,
        index: 0x0,
        flags: 0x0,
        eax: 0x0,
        ebx: 0x0,
        ecx: 0x0,
        edx: 0x0,
        padding: [
            0x0,
            0x0,
            0x0,
        ],
    },
    kvm_cpuid_entry2 {
        function: 0x0,
        index: 0x0,
        flags: 0x0,
        eax: 0x0,
        ebx: 0x0,
        ecx: 0x0,
        edx: 0x0,
        padding: [
            0x0,
            0x0,
            0x0,
        ],
    },
    kvm_cpuid_entry2 {
        function: 0x0,
        index: 0x0,
        flags: 0x0,
        eax: 0x0,
        ebx: 0x0,
        ecx: 0x0,
        edx: 0x0,
        padding: [
            0x0,
            0x0,
            0x0,
        ],
    },
    kvm_cpuid_entry2 {
        function: 0x0,
        index: 0x0,
        flags: 0x0,
        eax: 0x0,
        ebx: 0x0,
        ecx: 0x0,
        edx: 0x0,
        padding: [
            0x0,
            0x0,
            0x0,
        ],
    },
    kvm_cpuid_entry2 {
        function: 0x0,
        index: 0x0,
        flags: 0x0,
        eax: 0x0,
        ebx: 0x0,
        ecx: 0x0,
        edx: 0x0,
        padding: [
            0x0,
            0x0,
            0x0,
        ],
    },
    kvm_cpuid_entry2 {
        function: 0x0,
        index: 0x0,
        flags: 0x0,
        eax: 0x0,
        ebx: 0x0,
        ecx: 0x0,
        edx: 0x0,
        padding: [
            0x0,
            0x0,
            0x0,
        ],
    },
    kvm_cpuid_entry2 {
        function: 0x0,
        index: 0x0,
        flags: 0x0,
        eax: 0x0,
        ebx: 0x0,
        ecx: 0x0,
        edx: 0x0,
        padding: [
            0x0,
            0x0,
            0x0,
        ],
    },
    kvm_cpuid_entry2 {
        function: 0x0,
        index: 0x0,
        flags: 0x0,
        eax: 0x0,
        ebx: 0x0,
        ecx: 0x0,
        edx: 0x0,
        padding: [
            0x0,
            0x0,
            0x0,
        ],
    },
    kvm_cpuid_entry2 {
        function: 0x0,
        index: 0x0,
        flags: 0x0,
        eax: 0x0,
        ebx: 0x0,
        ecx: 0x0,
        edx: 0x0,
        padding: [
            0x0,
            0x0,
            0x0,
        ],
    },
    kvm_cpuid_entry2 {
        function: 0x0,
        index: 0x0,
        flags: 0x0,
        eax: 0x0,
        ebx: 0x0,
        ecx: 0x0,
        edx: 0x0,
        padding: [
            0x0,
            0x0,
            0x0,
        ],
    },
    kvm_cpuid_entry2 {
        function: 0x0,
        index: 0x0,
        flags: 0x0,
        eax: 0x0,
        ebx: 0x0,
        ecx: 0x0,
        edx: 0x0,
        padding: [
            0x0,
            0x0,
            0x0,
        ],
    },
    kvm_cpuid_entry2 {
        function: 0x0,
        index: 0x0,
        flags: 0x0,
        eax: 0x0,
        ebx: 0x0,
        ecx: 0x0,
        edx: 0x0,
        padding: [
            0x0,
            0x0,
            0x0,
        ],
    },
    kvm_cpuid_entry2 {
        function: 0x0,
        index: 0x0,
        flags: 0x0,
        eax: 0x0,
        ebx: 0x0,
        ecx: 0x0,
        edx: 0x0,
        padding: [
            0x0,
            0x0,
            0x0,
        ],
    },
    kvm_cpuid_entry2 {
        function: 0x0,
        index: 0x0,
        flags: 0x0,
        eax: 0x0,
        ebx: 0x0,
        ecx: 0x0,
        edx: 0x0,
        padding: [
            0x0,
            0x0,
            0x0,
        ],
    },
    kvm_cpuid_entry2 {
        function: 0x0,
        index: 0x0,
        flags: 0x0,
        eax: 0x0,
        ebx: 0x0,
        ecx: 0x0,
        edx: 0x0,
        padding: [
            0x0,
            0x0,
            0x0,
        ],
    },
    kvm_cpuid_entry2 {
        function: 0x0,
        index: 0x0,
        flags: 0x0,
        eax: 0x0,
        ebx: 0x0,
        ecx: 0x0,
        edx: 0x0,
        padding: [
            0x0,
            0x0,
            0x0,
        ],
    },
    kvm_cpuid_entry2 {
        function: 0x0,
        index: 0x0,
        flags: 0x0,
        eax: 0x0,
        ebx: 0x0,
        ecx: 0x0,
        edx: 0x0,
        padding: [
            0x0,
            0x0,
            0x0,
        ],
    },
    kvm_cpuid_entry2 {
        function: 0x0,
        index: 0x0,
        flags: 0x0,
        eax: 0x0,
        ebx: 0x0,
        ecx: 0x0,
        edx: 0x0,
        padding: [
            0x0,
            0x0,
            0x0,
        ],
    },
    kvm_cpuid_entry2 {
        function: 0x0,
        index: 0x0,
        flags: 0x0,
        eax: 0x0,
        ebx: 0x0,
        ecx: 0x0,
        edx: 0x0,
        padding: [
            0x0,
            0x0,
            0x0,
        ],
    },
    kvm_cpuid_entry2 {
        function: 0x0,
        index: 0x0,
        flags: 0x0,
        eax: 0x0,
        ebx: 0x0,
        ecx: 0x0,
        edx: 0x0,
        padding: [
            0x0,
            0x0,
            0x0,
        ],
    },
    kvm_cpuid_entry2 {
        function: 0x0,
        index: 0x0,
        flags: 0x0,
        eax: 0x0,
        ebx: 0x0,
        ecx: 0x0,
        edx: 0x0,
        padding: [
            0x0,
            0x0,
            0x0,
        ],
    },
    kvm_cpuid_entry2 {
        function: 0x0,
        index: 0x0,
        flags: 0x0,
        eax: 0x0,
        ebx: 0x0,
        ecx: 0x0,
        edx: 0x0,
        padding: [
            0x0,
            0x0,
            0x0,
        ],
    },
    kvm_cpuid_entry2 {
        function: 0x0,
        index: 0x0,
        flags: 0x0,
        eax: 0x0,
        ebx: 0x0,
        ecx: 0x0,
        edx: 0x0,
        padding: [
            0x0,
            0x0,
            0x0,
        ],
    },
    kvm_cpuid_entry2 {
        function: 0x0,
        index: 0x0,
        flags: 0x0,
        eax: 0x0,
        ebx: 0x0,
        ecx: 0x0,
        edx: 0x0,
        padding: [
            0x0,
            0x0,
            0x0,
        ],
    },
    kvm_cpuid_entry2 {
        function: 0x0,
        index: 0x0,
        flags: 0x0,
        eax: 0x0,
        ebx: 0x0,
        ecx: 0x0,
        edx: 0x0,
        padding: [
            0x0,
            0x0,
            0x0,
        ],
    },
    kvm_cpuid_entry2 {
        function: 0x0,
        index: 0x0,
        flags: 0x0,
        eax: 0x0,
        ebx: 0x0,
        ecx: 0x0,
        edx: 0x0,
        padding: [
            0x0,
            0x0,
            0x0,
        ],
    },
    kvm_cpuid_entry2 {
        function: 0x0,
        index: 0x0,
        flags: 0x0,
        eax: 0x0,
        ebx: 0x0,
        ecx: 0x0,
        edx: 0x0,
        padding: [
            0x0,
            0x0,
            0x0,
        ],
    },
    kvm_cpuid_entry2 {
        function: 0x0,
        index: 0x0,
        flags: 0x0,
        eax: 0x0,
        ebx: 0x0,
        ecx: 0x0,
        edx: 0x0,
        padding: [
            0x0,
            0x0,
            0x0,
        ],
    },
    kvm_cpuid_entry2 {
        function: 0x0,
        index: 0x0,
        flags: 0x0,
        eax: 0x0,
        ebx: 0x0,
        ecx: 0x0,
        edx: 0x0,
        padding: [
            0x0,
            0x0,
            0x0,
        ],
    },
    kvm_cpuid_entry2 {
        function: 0x0,
        index: 0x0,
        flags: 0x0,
        eax: 0x0,
        ebx: 0x0,
        ecx: 0x0,
        edx: 0x0,
        padding: [
            0x0,
            0x0,
            0x0,
        ],
    },
    kvm_cpuid_entry2 {
        function: 0x0,
        index: 0x0,
        flags: 0x0,
        eax: 0x0,
        ebx: 0x0,
        ecx: 0x0,
        edx: 0x0,
        padding: [
            0x0,
            0x0,
            0x0,
        ],
    },
    kvm_cpuid_entry2 {
        function: 0x0,
        index: 0x0,
        flags: 0x0,
        eax: 0x0,
        ebx: 0x0,
        ecx: 0x0,
        edx: 0x0,
        padding: [
            0x0,
            0x0,
            0x0,
        ],
    },
    kvm_cpuid_entry2 {
        function: 0x0,
        index: 0x0,
        flags: 0x0,
        eax: 0x0,
        ebx: 0x0,
        ecx: 0x0,
        edx: 0x0,
        padding: [
            0x0,
            0x0,
            0x0,
        ],
    },
    kvm_cpuid_entry2 {
        function: 0x0,
        index: 0x0,
        flags: 0x0,
        eax: 0x0,
        ebx: 0x0,
        ecx: 0x0,
        edx: 0x0,
        padding: [
            0x0,
            0x0,
            0x0,
        ],
    },
    kvm_cpuid_entry2 {
        function: 0x0,
        index: 0x0,
        flags: 0x0,
        eax: 0x0,
        ebx: 0x0,
        ecx: 0x0,
        edx: 0x0,
        padding: [
            0x0,
            0x0,
            0x0,
        ],
    },
    kvm_cpuid_entry2 {
        function: 0x0,
        index: 0x0,
        flags: 0x0,
        eax: 0x0,
        ebx: 0x0,
        ecx: 0x0,
        edx: 0x0,
        padding: [
            0x0,
            0x0,
            0x0,
        ],
    },
    kvm_cpuid_entry2 {
        function: 0x0,
        index: 0x0,
        flags: 0x0,
        eax: 0x0,
        ebx: 0x0,
        ecx: 0x0,
        edx: 0x0,
        padding: [
            0x0,
            0x0,
            0x0,
        ],
    },
    kvm_cpuid_entry2 {
        function: 0x0,
        index: 0x0,
        flags: 0x0,
        eax: 0x0,
        ebx: 0x0,
        ecx: 0x0,
        edx: 0x0,
        padding: [
            0x0,
            0x0,
            0x0,
        ],
    },
    kvm_cpuid_entry2 {
        function: 0x0,
        index: 0x0,
        flags: 0x0,
        eax: 0x0,
        ebx: 0x0,
        ecx: 0x0,
        edx: 0x0,
        padding: [
            0x0,
            0x0,
            0x0,
        ],
    },
    kvm_cpuid_entry2 {
        function: 0x0,
        index: 0x0,
        flags: 0x0,
        eax: 0x0,
        ebx: 0x0,
        ecx: 0x0,
        edx: 0x0,
        padding: [
            0x0,
            0x0,
            0x0,
        ],
    },
    kvm_cpuid_entry2 {
        function: 0x0,
        index: 0x0,
        flags: 0x0,
        eax: 0x0,
        ebx: 0x0,
        ecx: 0x0,
        edx: 0x0,
        padding: [
            0x0,
            0x0,
            0x0,
        ],
    },
    kvm_cpuid_entry2 {
        function: 0x0,
        index: 0x0,
        flags: 0x0,
        eax: 0x0,
        ebx: 0x0,
        ecx: 0x0,
        edx: 0x0,
        padding: [
            0x0,
            0x0,
            0x0,
        ],
    },
    kvm_cpuid_entry2 {
        function: 0x0,
        index: 0x0,
        flags: 0x0,
        eax: 0x0,
        ebx: 0x0,
        ecx: 0x0,
        edx: 0x0,
        padding: [
            0x0,
            0x0,
            0x0,
        ],
    },
    kvm_cpuid_entry2 {
        function: 0x0,
        index: 0x0,
        flags: 0x0,
        eax: 0x0,
        ebx: 0x0,
        ecx: 0x0,
        edx: 0x0,
        padding: [
            0x0,
            0x0,
            0x0,
        ],
    },
    kvm_cpuid_entry2 {
        function: 0x0,
        index: 0x0,
        flags: 0x0,
        eax: 0x0,
        ebx: 0x0,
        ecx: 0x0,
        edx: 0x0,
        padding: [
            0x0,
            0x0,
            0x0,
        ],
    },
    kvm_cpuid_entry2 {
        function: 0x0,
        index: 0x0,
        flags: 0x0,
        eax: 0x0,
        ebx: 0x0,
        ecx: 0x0,
        edx: 0x0,
        padding: [
            0x0,
            0x0,
            0x0,
        ],
    },
    kvm_cpuid_entry2 {
        function: 0x0,
        index: 0x0,
        flags: 0x0,
        eax: 0x0,
        ebx: 0x0,
        ecx: 0x0,
        edx: 0x0,
        padding: [
            0x0,
            0x0,
            0x0,
        ],
    },
    kvm_cpuid_entry2 {
        function: 0x0,
        index: 0x0,
        flags: 0x0,
        eax: 0x0,
        ebx: 0x0,
        ecx: 0x0,
        edx: 0x0,
        padding: [
            0x0,
            0x0,
            0x0,
        ],
    },
    kvm_cpuid_entry2 {
        function: 0x0,
        index: 0x0,
        flags: 0x0,
        eax: 0x0,
        ebx: 0x0,
        ecx: 0x0,
        edx: 0x0,
        padding: [
            0x0,
            0x0,
            0x0,
        ],
    },
    kvm_cpuid_entry2 {
        function: 0x0,
        index: 0x0,
        flags: 0x0,
        eax: 0x0,
        ebx: 0x0,
        ecx: 0x0,
        edx: 0x0,
        padding: [
            0x0,
            0x0,
            0x0,
        ],
    },
    kvm_cpuid_entry2 {
        function: 0x0,
        index: 0x0,
        flags: 0x0,
        eax: 0x0,
        ebx: 0x0,
        ecx: 0x0,
        edx: 0x0,
        padding: [
            0x0,
            0x0,
            0x0,
        ],
    },
    kvm_cpuid_entry2 {
        function: 0x0,
        index: 0x0,
        flags: 0x0,
        eax: 0x0,
        ebx: 0x0,
        ecx: 0x0,
        edx: 0x0,
        padding: [
            0x0,
            0x0,
            0x0,
        ],
    },
    kvm_cpuid_entry2 {
        function: 0x0,
        index: 0x0,
        flags: 0x0,
        eax: 0x0,
        ebx: 0x0,
        ecx: 0x0,
        edx: 0x0,
        padding: [
            0x0,
            0x0,
            0x0,
        ],
    },
    kvm_cpuid_entry2 {
        function: 0x0,
        index: 0x0,
        flags: 0x0,
        eax: 0x0,
        ebx: 0x0,
        ecx: 0x0,
        edx: 0x0,
        padding: [
            0x0,
            0x0,
            0x0,
        ],
    },
    kvm_cpuid_entry2 {
        function: 0x0,
        index: 0x0,
        flags: 0x0,
        eax: 0x0,
        ebx: 0x0,
        ecx: 0x0,
        edx: 0x0,
        padding: [
            0x0,
            0x0,
            0x0,
        ],
    },
    kvm_cpuid_entry2 {
        function: 0x0,
        index: 0x0,
        flags: 0x0,
        eax: 0x0,
        ebx: 0x0,
        ecx: 0x0,
        edx: 0x0,
        padding: [
            0x0,
            0x0,
            0x0,
        ],
    },
    kvm_cpuid_entry2 {
        function: 0x0,
        index: 0x0,
        flags: 0x0,
        eax: 0x0,
        ebx: 0x0,
        ecx: 0x0,
        edx: 0x0,
        padding: [
            0x0,
            0x0,
            0x0,
        ],
    },
    kvm_cpuid_entry2 {
        function: 0x0,
        index: 0x0,
        flags: 0x0,
        eax: 0x0,
        ebx: 0x0,
        ecx: 0x0,
        edx: 0x0,
        padding: [
            0x0,
            0x0,
            0x0,
        ],
    },
    kvm_cpuid_entry2 {
        function: 0x0,
        index: 0x0,
        flags: 0x0,
        eax: 0x0,
        ebx: 0x0,
        ecx: 0x0,
        edx: 0x0,
        padding: [
            0x0,
            0x0,
            0x0,
        ],
    },
    kvm_cpuid_entry2 {
        function: 0x0,
        index: 0x0,
        flags: 0x0,
        eax: 0x0,
        ebx: 0x0,
        ecx: 0x0,
        edx: 0x0,
        padding: [
            0x0,
            0x0,
            0x0,
        ],
    },
    kvm_cpuid_entry2 {
        function: 0x0,
        index: 0x0,
        flags: 0x0,
        eax: 0x0,
        ebx: 0x0,
        ecx: 0x0,
        edx: 0x0,
        padding: [
            0x0,
            0x0,
            0x0,
        ],
    },
    kvm_cpuid_entry2 {
        function: 0x0,
        index: 0x0,
        flags: 0x0,
        eax: 0x0,
        ebx: 0x0,
        ecx: 0x0,
        edx: 0x0,
        padding: [
            0x0,
            0x0,
            0x0,
        ],
    },
    kvm_cpuid_entry2 {
        function: 0x0,
        index: 0x0,
        flags: 0x0,
        eax: 0x0,
        ebx: 0x0,
        ecx: 0x0,
        edx: 0x0,
        padding: [
            0x0,
            0x0,
            0x0,
        ],
    },
    kvm_cpuid_entry2 {
        function: 0x0,
        index: 0x0,
        flags: 0x0,
        eax: 0x0,
        ebx: 0x0,
        ecx: 0x0,
        edx: 0x0,
        padding: [
            0x0,
            0x0,
            0x0,
        ],
    },
    kvm_cpuid_entry2 {
        function: 0x0,
        index: 0x0,
        flags: 0x0,
        eax: 0x0,
        ebx: 0x0,
        ecx: 0x0,
        edx: 0x0,
        padding: [
            0x0,
            0x0,
            0x0,
        ],
    },
    kvm_cpuid_entry2 {
        function: 0x0,
        index: 0x0,
        flags: 0x0,
        eax: 0x0,
        ebx: 0x0,
        ecx: 0x0,
        edx: 0x0,
        padding: [
            0x0,
            0x0,
            0x0,
        ],
    },
    kvm_cpuid_entry2 {
        function: 0x0,
        index: 0x0,
        flags: 0x0,
        eax: 0x0,
        ebx: 0x0,
        ecx: 0x0,
        edx: 0x0,
        padding: [
            0x0,
            0x0,
            0x0,
        ],
    },
    kvm_cpuid_entry2 {
        function: 0x0,
        index: 0x0,
        flags: 0x0,
        eax: 0x0,
        ebx: 0x0,
        ecx: 0x0,
        edx: 0x0,
        padding: [
            0x0,
            0x0,
            0x0,
        ],
    },
    kvm_cpuid_entry2 {
        function: 0x0,
        index: 0x0,
        flags: 0x0,
        eax: 0x0,
        ebx: 0x0,
        ecx: 0x0,
        edx: 0x0,
        padding: [
            0x0,
            0x0,
            0x0,
        ],
    },
    kvm_cpuid_entry2 {
        function: 0x0,
        index: 0x0,
        flags: 0x0,
        eax: 0x0,
        ebx: 0x0,
        ecx: 0x0,
        edx: 0x0,
        padding: [
            0x0,
            0x0,
            0x0,
        ],
    },
    kvm_cpuid_entry2 {
        function: 0x0,
        index: 0x0,
        flags: 0x0,
        eax: 0x0,
        ebx: 0x0,
        ecx: 0x0,
        edx: 0x0,
        padding: [
            0x0,
            0x0,
            0x0,
        ],
    },
    kvm_cpuid_entry2 {
        function: 0x0,
        index: 0x0,
        flags: 0x0,
        eax: 0x0,
        ebx: 0x0,
        ecx: 0x0,
        edx: 0x0,
        padding: [
            0x0,
            0x0,
            0x0,
        ],
    },
    kvm_cpuid_entry2 {
        function: 0x0,
        index: 0x0,
        flags: 0x0,
        eax: 0x0,
        ebx: 0x0,
        ecx: 0x0,
        edx: 0x0,
        padding: [
            0x0,
            0x0,
            0x0,
        ],
    },
    kvm_cpuid_entry2 {
        function: 0x0,
        index: 0x0,
        flags: 0x0,
        eax: 0x0,
        ebx: 0x0,
        ecx: 0x0,
        edx: 0x0,
        padding: [
            0x0,
            0x0,
            0x0,
        ],
    },
    kvm_cpuid_entry2 {
        function: 0x0,
        index: 0x0,
        flags: 0x0,
        eax: 0x0,
        ebx: 0x0,
        ecx: 0x0,
        edx: 0x0,
        padding: [
            0x0,
            0x0,
            0x0,
        ],
    },
    kvm_cpuid_entry2 {
        function: 0x0,
        index: 0x0,
        flags: 0x0,
        eax: 0x0,
        ebx: 0x0,
        ecx: 0x0,
        edx: 0x0,
        padding: [
            0x0,
            0x0,
            0x0,
        ],
    },
    kvm_cpuid_entry2 {
        function: 0x0,
        index: 0x0,
        flags: 0x0,
        eax: 0x0,
        ebx: 0x0,
        ecx: 0x0,
        edx: 0x0,
        padding: [
            0x0,
            0x0,
            0x0,
        ],
    },
    kvm_cpuid_entry2 {
        function: 0x0,
        index: 0x0,
        flags: 0x0,
        eax: 0x0,
        ebx: 0x0,
        ecx: 0x0,
        edx: 0x0,
        padding: [
            0x0,
            0x0,
            0x0,
        ],
    },
    kvm_cpuid_entry2 {
        function: 0x0,
        index: 0x0,
        flags: 0x0,
        eax: 0x0,
        ebx: 0x0,
        ecx: 0x0,
        edx: 0x0,
        padding: [
            0x0,
            0x0,
            0x0,
        ],
    },
    kvm_cpuid_entry2 {
        function: 0x0,
        index: 0x0,
        flags: 0x0,
        eax: 0x0,
        ebx: 0x0,
        ecx: 0x0,
        edx: 0x0,
        padding: [
            0x0,
            0x0,
            0x0,
        ],
    },
    kvm_cpuid_entry2 {
        function: 0x0,
        index: 0x0,
        flags: 0x0,
        eax: 0x0,
        ebx: 0x0,
        ecx: 0x0,
        edx: 0x0,
        padding: [
            0x0,
            0x0,
            0x0,
        ],
    },
    kvm_cpuid_entry2 {
        function: 0x0,
        index: 0x0,
        flags: 0x0,
        eax: 0x0,
        ebx: 0x0,
        ecx: 0x0,
        edx: 0x0,
        padding: [
            0x0,
            0x0,
            0x0,
        ],
    },
    kvm_cpuid_entry2 {
        function: 0x0,
        index: 0x0,
        flags: 0x0,
        eax: 0x0,
        ebx: 0x0,
        ecx: 0x0,
        edx: 0x0,
        padding: [
            0x0,
            0x0,
            0x0,
        ],
    },
    kvm_cpuid_entry2 {
        function: 0x0,
        index: 0x0,
        flags: 0x0,
        eax: 0x0,
        ebx: 0x0,
        ecx: 0x0,
        edx: 0x0,
        padding: [
            0x0,
            0x0,
            0x0,
        ],
    },
    kvm_cpuid_entry2 {
        function: 0x0,
        index: 0x0,
        flags: 0x0,
        eax: 0x0,
        ebx: 0x0,
        ecx: 0x0,
        edx: 0x0,
        padding: [
            0x0,
            0x0,
            0x0,
        ],
    },
    kvm_cpuid_entry2 {
        function: 0x0,
        index: 0x0,
        flags: 0x0,
        eax: 0x0,
        ebx: 0x0,
        ecx: 0x0,
        edx: 0x0,
        padding: [
            0x0,
            0x0,
            0x0,
        ],
    },
    kvm_cpuid_entry2 {
        function: 0x0,
        index: 0x0,
        flags: 0x0,
        eax: 0x0,
        ebx: 0x0,
        ecx: 0x0,
        edx: 0x0,
        padding: [
            0x0,
            0x0,
            0x0,
        ],
    },
    kvm_cpuid_entry2 {
        function: 0x0,
        index: 0x0,
        flags: 0x0,
        eax: 0x0,
        ebx: 0x0,
        ecx: 0x0,
        edx: 0x0,
        padding: [
            0x0,
            0x0,
            0x0,
        ],
    },
    kvm_cpuid_entry2 {
        function: 0x0,
        index: 0x0,
        flags: 0x0,
        eax: 0x0,
        ebx: 0x0,
        ecx: 0x0,
        edx: 0x0,
        padding: [
            0x0,
            0x0,
            0x0,
        ],
    },
    kvm_cpuid_entry2 {
        function: 0x0,
        index: 0x0,
        flags: 0x0,
        eax: 0x0,
        ebx: 0x0,
        ecx: 0x0,
        edx: 0x0,
        padding: [
            0x0,
            0x0,
            0x0,
        ],
    },
    kvm_cpuid_entry2 {
        function: 0x0,
        index: 0x0,
        flags: 0x0,
        eax: 0x0,
        ebx: 0x0,
        ecx: 0x0,
        edx: 0x0,
        padding: [
            0x0,
            0x0,
            0x0,
        ],
    },
    kvm_cpuid_entry2 {
        function: 0x0,
        index: 0x0,
        flags: 0x0,
        eax: 0x0,
        ebx: 0x0,
        ecx: 0x0,
        edx: 0x0,
        padding: [
            0x0,
            0x0,
            0x0,
        ],
    },
    kvm_cpuid_entry2 {
        function: 0x0,
        index: 0x0,
        flags: 0x0,
        eax: 0x0,
        ebx: 0x0,
        ecx: 0x0,
        edx: 0x0,
        padding: [
            0x0,
            0x0,
            0x0,
        ],
    },
    kvm_cpuid_entry2 {
        function: 0x0,
        index: 0x0,
        flags: 0x0,
        eax: 0x0,
        ebx: 0x0,
        ecx: 0x0,
        edx: 0x0,
        padding: [
            0x0,
            0x0,
            0x0,
        ],
    },
    kvm_cpuid_entry2 {
        function: 0x0,
        index: 0x0,
        flags: 0x0,
        eax: 0x0,
        ebx: 0x0,
        ecx: 0x0,
        edx: 0x0,
        padding: [
            0x0,
            0x0,
            0x0,
        ],
    },
    kvm_cpuid_entry2 {
        function: 0x0,
        index: 0x0,
        flags: 0x0,
        eax: 0x0,
        ebx: 0x0,
        ecx: 0x0,
        edx: 0x0,
        padding: [
            0x0,
            0x0,
            0x0,
        ],
    },
    kvm_cpuid_entry2 {
        function: 0x0,
        index: 0x0,
        flags: 0x0,
        eax: 0x0,
        ebx: 0x0,
        ecx: 0x0,
        edx: 0x0,
        padding: [
            0x0,
            0x0,
            0x0,
        ],
    },
    kvm_cpuid_entry2 {
        function: 0x0,
        index: 0x0,
        flags: 0x0,
        eax: 0x0,
        ebx: 0x0,
        ecx: 0x0,
        edx: 0x0,
        padding: [
            0x0,
            0x0,
            0x0,
        ],
    },
    kvm_cpuid_entry2 {
        function: 0x0,
        index: 0x0,
        flags: 0x0,
        eax: 0x0,
        ebx: 0x0,
        ecx: 0x0,
        edx: 0x0,
        padding: [
            0x0,
            0x0,
            0x0,
        ],
    },
    kvm_cpuid_entry2 {
        function: 0x0,
        index: 0x0,
        flags: 0x0,
        eax: 0x0,
        ebx: 0x0,
        ecx: 0x0,
        edx: 0x0,
        padding: [
            0x0,
            0x0,
            0x0,
        ],
    },
    kvm_cpuid_entry2 {
        function: 0x0,
        index: 0x0,
        flags: 0x0,
        eax: 0x0,
        ebx: 0x0,
        ecx: 0x0,
        edx: 0x0,
        padding: [
            0x0,
            0x0,
            0x0,
        ],
    },
    kvm_cpuid_entry2 {
        function: 0x0,
        index: 0x0,
        flags: 0x0,
        eax: 0x0,
        ebx: 0x0,
        ecx: 0x0,
        edx: 0x0,
        padding: [
            0x0,
            0x0,
            0x0,
        ],
    },
    kvm_cpuid_entry2 {
        function: 0x0,
        index: 0x0,
        flags: 0x0,
        eax: 0x0,
        ebx: 0x0,
        ecx: 0x0,
        edx: 0x0,
        padding: [
            0x0,
            0x0,
            0x0,
        ],
    },
    kvm_cpuid_entry2 {
        function: 0x0,
        index: 0x0,
        flags: 0x0,
        eax: 0x0,
        ebx: 0x0,
        ecx: 0x0,
        edx: 0x0,
        padding: [
            0x0,
            0x0,
            0x0,
        ],
    },
    kvm_cpuid_entry2 {
        function: 0x0,
        index: 0x0,
        flags: 0x0,
        eax: 0x0,
        ebx: 0x0,
        ecx: 0x0,
        edx: 0x0,
        padding: [
            0x0,
            0x0,
            0x0,
        ],
    },
    kvm_cpuid_entry2 {
        function: 0x0,
        index: 0x0,
        flags: 0x0,
        eax: 0x0,
        ebx: 0x0,
        ecx: 0x0,
        edx: 0x0,
        padding: [
            0x0,
            0x0,
            0x0,
        ],
    },
    kvm_cpuid_entry2 {
        function: 0x0,
        index: 0x0,
        flags: 0x0,
        eax: 0x0,
        ebx: 0x0,
        ecx: 0x0,
        edx: 0x0,
        padding: [
            0x0,
            0x0,
            0x0,
        ],
    },
    kvm_cpuid_entry2 {
        function: 0x0,
        index: 0x0,
        flags: 0x0,
        eax: 0x0,
        ebx: 0x0,
        ecx: 0x0,
        edx: 0x0,
        padding: [
            0x0,
            0x0,
            0x0,
        ],
    },
    kvm_cpuid_entry2 {
        function: 0x0,
        index: 0x0,
        flags: 0x0,
        eax: 0x0,
        ebx: 0x0,
        ecx: 0x0,
        edx: 0x0,
        padding: [
            0x0,
            0x0,
            0x0,
        ],
    },
    kvm_cpuid_entry2 {
        function: 0x0,
        index: 0x0,
        flags: 0x0,
        eax: 0x0,
        ebx: 0x0,
        ecx: 0x0,
        edx: 0x0,
        padding: [
            0x0,
            0x0,
            0x0,
        ],
    },
    kvm_cpuid_entry2 {
        function: 0x0,
        index: 0x0,
        flags: 0x0,
        eax: 0x0,
        ebx: 0x0,
        ecx: 0x0,
        edx: 0x0,
        padding: [
            0x0,
            0x0,
            0x0,
        ],
    },
    kvm_cpuid_entry2 {
        function: 0x0,
        index: 0x0,
        flags: 0x0,
        eax: 0x0,
        ebx: 0x0,
        ecx: 0x0,
        edx: 0x0,
        padding: [
            0x0,
            0x0,
            0x0,
        ],
    },
]
TDX: InitVm command executed successfully
CPUID:FamStructWrapper { mem_allocator: [kvm_cpuid2 { nent: 35, padding: 0, entries: __IncompleteArrayField }, kvm_cpuid2 { nent: 0, padding: 0, entries: __IncompleteArrayField }, kvm_cpuid2 { nent: 0, padding: 31, entries: __IncompleteArrayField }, kvm_cpuid2 { nent: 1970169159, padding: 1818588270, entries: __IncompleteArrayField }, kvm_cpuid2 { nent: 1231384169, padding: 0, entries: __IncompleteArrayField }, kvm_cpuid2 { nent: 0, padding: 0, entries: __IncompleteArrayField }, kvm_cpuid2 { nent: 1, padding: 0, entries: __IncompleteArrayField }, kvm_cpuid2 { nent: 0, padding: 657105, entries: __IncompleteArrayField }, kvm_cpuid2 { nent: 2099200, padding: 4160369175, entries: __IncompleteArrayField }, kvm_cpuid2 { nent: 1068235775, padding: 0, entries: __IncompleteArrayField }, kvm_cpuid2 { nent: 0, padding: 0, entries: __IncompleteArrayField }, kvm_cpuid2 { nent: 2, padding: 0, entries: __IncompleteArrayField }, kvm_cpuid2 { nent: 6, padding: 1, entries: __IncompleteArrayField }, kvm_cpuid2 { nent: 0, padding: 77, entries: __IncompleteArrayField }, kvm_cpuid2 { nent: 2895997, padding: 0, entries: __IncompleteArrayField }, kvm_cpuid2 { nent: 0, padding: 0, entries: __IncompleteArrayField }, kvm_cpuid2 { nent: 4, padding: 0, entries: __IncompleteArrayField }, kvm_cpuid2 { nent: 1, padding: 4227875105, entries: __IncompleteArrayField }, kvm_cpuid2 { nent: 46137407, padding: 63, entries: __IncompleteArrayField }, kvm_cpuid2 { nent: 0, padding: 0, entries: __IncompleteArrayField }, kvm_cpuid2 { nent: 0, padding: 0, entries: __IncompleteArrayField }, kvm_cpuid2 { nent: 4, padding: 1, entries: __IncompleteArrayField }, kvm_cpuid2 { nent: 1, padding: 4227875106, entries: __IncompleteArrayField }, kvm_cpuid2 { nent: 62914623, padding: 63, entries: __IncompleteArrayField }, kvm_cpuid2 { nent: 0, padding: 0, entries: __IncompleteArrayField }, kvm_cpuid2 { nent: 0, padding: 0, entries: __IncompleteArrayField }, kvm_cpuid2 { nent: 4, padding: 2, entries: __IncompleteArrayField }, kvm_cpuid2 { nent: 1, padding: 4227875139, entries: __IncompleteArrayField }, kvm_cpuid2 { nent: 62914623, padding: 2047, entries: __IncompleteArrayField }, kvm_cpuid2 { nent: 0, padding: 0, entries: __IncompleteArrayField }, kvm_cpuid2 { nent: 0, padding: 0, entries: __IncompleteArrayField }, kvm_cpuid2 { nent: 4, padding: 3, entries: __IncompleteArrayField }, kvm_cpuid2 { nent: 1, padding: 4232036707, entries: __IncompleteArrayField }, kvm_cpuid2 { nent: 62914623, padding: 344063, entries: __IncompleteArrayField }, kvm_cpuid2 { nent: 4, padding: 0, entries: __IncompleteArrayField }, kvm_cpuid2 { nent: 0, padding: 0, entries: __IncompleteArrayField }, kvm_cpuid2 { nent: 4, padding: 4, entries: __IncompleteArrayField }, kvm_cpuid2 { nent: 1, padding: 0, entries: __IncompleteArrayField }, kvm_cpuid2 { nent: 0, padding: 0, entries: __IncompleteArrayField }, kvm_cpuid2 { nent: 0, padding: 0, entries: __IncompleteArrayField }, kvm_cpuid2 { nent: 0, padding: 0, entries: __IncompleteArrayField }, kvm_cpuid2 { nent: 5, padding: 0, entries: __IncompleteArrayField }, kvm_cpuid2 { nent: 0, padding: 0, entries: __IncompleteArrayField }, kvm_cpuid2 { nent: 0, padding: 3, entries: __IncompleteArrayField }, kvm_cpuid2 { nent: 0, padding: 0, entries: __IncompleteArrayField }, kvm_cpuid2 { nent: 0, padding: 0, entries: __IncompleteArrayField }, kvm_cpuid2 { nent: 6, padding: 0, entries: __IncompleteArrayField }, kvm_cpuid2 { nent: 0, padding: 4, entries: __IncompleteArrayField }, kvm_cpuid2 { nent: 0, padding: 0, entries: __IncompleteArrayField }, kvm_cpuid2 { nent: 0, padding: 0, entries: __IncompleteArrayField }, kvm_cpuid2 { nent: 0, padding: 0, entries: __IncompleteArrayField }, kvm_cpuid2 { nent: 7, padding: 0, entries: __IncompleteArrayField }, kvm_cpuid2 { nent: 1, padding: 2, entries: __IncompleteArrayField }, kvm_cpuid2 { nent: 4055830457, padding: 457269070, entries: __IncompleteArrayField }, kvm_cpuid2 { nent: 4291380240, padding: 0, entries: __IncompleteArrayField }, kvm_cpuid2 { nent: 0, padding: 0, entries: __IncompleteArrayField }, kvm_cpuid2 { nent: 7, padding: 1, entries: __IncompleteArrayField }, kvm_cpuid2 { nent: 1, padding: 2104368, entries: __IncompleteArrayField }, kvm_cpuid2 { nent: 0, padding: 0, entries: __IncompleteArrayField }, kvm_cpuid2 { nent: 16384, padding: 0, entries: __IncompleteArrayField }, kvm_cpuid2 { nent: 0, padding: 0, entries: __IncompleteArrayField }, kvm_cpuid2 { nent: 7, padding: 2, entries: __IncompleteArrayField }, kvm_cpuid2 { nent: 1, padding: 0, entries: __IncompleteArrayField }, kvm_cpuid2 { nent: 0, padding: 0, entries: __IncompleteArrayField }, kvm_cpuid2 { nent: 32, padding: 0, entries: __IncompleteArrayField }, kvm_cpuid2 { nent: 0, padding: 0, entries: __IncompleteArrayField }, kvm_cpuid2 { nent: 11, padding: 0, entries: __IncompleteArrayField }, kvm_cpuid2 { nent: 1, padding: 1, entries: __IncompleteArrayField }, kvm_cpuid2 { nent: 2, padding: 256, entries: __IncompleteArrayField }, kvm_cpuid2 { nent: 144, padding: 0, entries: __IncompleteArrayField }, kvm_cpuid2 { nent: 0, padding: 0, entries: __IncompleteArrayField }, kvm_cpuid2 { nent: 13, padding: 0, entries: __IncompleteArrayField }, kvm_cpuid2 { nent: 1, padding: 393959, entries: __IncompleteArrayField }, kvm_cpuid2 { nent: 11008, padding: 11008, entries: __IncompleteArrayField }, kvm_cpuid2 { nent: 0, padding: 0, entries: __IncompleteArrayField }, kvm_cpuid2 { nent: 0, padding: 0, entries: __IncompleteArrayField }, kvm_cpuid2 { nent: 13, padding: 1, entries: __IncompleteArrayField }, kvm_cpuid2 { nent: 1, padding: 31, entries: __IncompleteArrayField }, kvm_cpuid2 { nent: 11504, padding: 0, entries: __IncompleteArrayField }, kvm_cpuid2 { nent: 0, padding: 0, entries: __IncompleteArrayField }, kvm_cpuid2 { nent: 0, padding: 0, entries: __IncompleteArrayField }, kvm_cpuid2 { nent: 13, padding: 2, entries: __IncompleteArrayField }, kvm_cpuid2 { nent: 1, padding: 256, entries: __IncompleteArrayField }, kvm_cpuid2 { nent: 576, padding: 0, entries: __IncompleteArrayField }, kvm_cpuid2 { nent: 0, padding: 0, entries: __IncompleteArrayField }, kvm_cpuid2 { nent: 0, padding: 0, entries: __IncompleteArrayField }, kvm_cpuid2 { nent: 13, padding: 5, entries: __IncompleteArrayField }, kvm_cpuid2 { nent: 1, padding: 64, entries: __IncompleteArrayField }, kvm_cpuid2 { nent: 1088, padding: 0, entries: __IncompleteArrayField }, kvm_cpuid2 { nent: 0, padding: 0, entries: __IncompleteArrayField }, kvm_cpuid2 { nent: 0, padding: 0, entries: __IncompleteArrayField }, kvm_cpuid2 { nent: 13, padding: 6, entries: __IncompleteArrayField }, kvm_cpuid2 { nent: 1, padding: 512, entries: __IncompleteArrayField }, kvm_cpuid2 { nent: 1152, padding: 0, entries: __IncompleteArrayField }, kvm_cpuid2 { nent: 0, padding: 0, entries: __IncompleteArrayField }, kvm_cpuid2 { nent: 0, padding: 0, entries: __IncompleteArrayField }, kvm_cpuid2 { nent: 13, padding: 7, entries: __IncompleteArrayField }, kvm_cpuid2 { nent: 1, padding: 1024, entries: __IncompleteArrayField }, kvm_cpuid2 { nent: 1664, padding: 0, entries: __IncompleteArrayField }, kvm_cpuid2 { nent: 0, padding: 0, entries: __IncompleteArrayField }, kvm_cpuid2 { nent: 0, padding: 0, entries: __IncompleteArrayField }, kvm_cpuid2 { nent: 13, padding: 9, entries: __IncompleteArrayField }, kvm_cpuid2 { nent: 1, padding: 8, entries: __IncompleteArrayField }, kvm_cpuid2 { nent: 2688, padding: 0, entries: __IncompleteArrayField }, kvm_cpuid2 { nent: 0, padding: 0, entries: __IncompleteArrayField }, kvm_cpuid2 { nent: 0, padding: 0, entries: __IncompleteArrayField }, kvm_cpuid2 { nent: 13, padding: 17, entries: __IncompleteArrayField }, kvm_cpuid2 { nent: 1, padding: 64, entries: __IncompleteArrayField }, kvm_cpuid2 { nent: 2752, padding: 2, entries: __IncompleteArrayField }, kvm_cpuid2 { nent: 0, padding: 0, entries: __IncompleteArrayField }, kvm_cpuid2 { nent: 0, padding: 0, entries: __IncompleteArrayField }, kvm_cpuid2 { nent: 13, padding: 18, entries: __IncompleteArrayField }, kvm_cpuid2 { nent: 1, padding: 8192, entries: __IncompleteArrayField }, kvm_cpuid2 { nent: 2816, padding: 6, entries: __IncompleteArrayField }, kvm_cpuid2 { nent: 0, padding: 0, entries: __IncompleteArrayField }, kvm_cpuid2 { nent: 0, padding: 0, entries: __IncompleteArrayField }, kvm_cpuid2 { nent: 18, padding: 0, entries: __IncompleteArrayField }, kvm_cpuid2 { nent: 1, padding: 0, entries: __IncompleteArrayField }, kvm_cpuid2 { nent: 0, padding: 0, entries: __IncompleteArrayField }, kvm_cpuid2 { nent: 0, padding: 0, entries: __IncompleteArrayField }, kvm_cpuid2 { nent: 0, padding: 0, entries: __IncompleteArrayField }, kvm_cpuid2 { nent: 18, padding: 1, entries: __IncompleteArrayField }, kvm_cpuid2 { nent: 1, padding: 0, entries: __IncompleteArrayField }, kvm_cpuid2 { nent: 0, padding: 0, entries: __IncompleteArrayField }, kvm_cpuid2 { nent: 0, padding: 0, entries: __IncompleteArrayField }, kvm_cpuid2 { nent: 0, padding: 0, entries: __IncompleteArrayField }, kvm_cpuid2 { nent: 20, padding: 0, entries: __IncompleteArrayField }, kvm_cpuid2 { nent: 1, padding: 0, entries: __IncompleteArrayField }, kvm_cpuid2 { nent: 0, padding: 0, entries: __IncompleteArrayField }, kvm_cpuid2 { nent: 0, padding: 0, entries: __IncompleteArrayField }, kvm_cpuid2 { nent: 0, padding: 0, entries: __IncompleteArrayField }, kvm_cpuid2 { nent: 29, padding: 0, entries: __IncompleteArrayField }, kvm_cpuid2 { nent: 1, padding: 1, entries: __IncompleteArrayField }, kvm_cpuid2 { nent: 0, padding: 0, entries: __IncompleteArrayField }, kvm_cpuid2 { nent: 0, padding: 0, entries: __IncompleteArrayField }, kvm_cpuid2 { nent: 0, padding: 0, entries: __IncompleteArrayField }, kvm_cpuid2 { nent: 29, padding: 1, entries: __IncompleteArrayField }, kvm_cpuid2 { nent: 1, padding: 67117056, entries: __IncompleteArrayField }, kvm_cpuid2 { nent: 524352, padding: 16, entries: __IncompleteArrayField }, kvm_cpuid2 { nent: 0, padding: 0, entries: __IncompleteArrayField }, kvm_cpuid2 { nent: 0, padding: 0, entries: __IncompleteArrayField }, kvm_cpuid2 { nent: 30, padding: 0, entries: __IncompleteArrayField }, kvm_cpuid2 { nent: 1, padding: 0, entries: __IncompleteArrayField }, kvm_cpuid2 { nent: 16400, padding: 0, entries: __IncompleteArrayField }, kvm_cpuid2 { nent: 0, padding: 0, entries: __IncompleteArrayField }, kvm_cpuid2 { nent: 0, padding: 0, entries: __IncompleteArrayField }, kvm_cpuid2 { nent: 2147483648, padding: 0, entries: __IncompleteArrayField }, kvm_cpuid2 { nent: 0, padding: 2147483656, entries: __IncompleteArrayField }, kvm_cpuid2 { nent: 0, padding: 0, entries: __IncompleteArrayField }, kvm_cpuid2 { nent: 0, padding: 0, entries: __IncompleteArrayField }, kvm_cpuid2 { nent: 0, padding: 0, entries: __IncompleteArrayField }, kvm_cpuid2 { nent: 2147483649, padding: 0, entries: __IncompleteArrayField }, kvm_cpuid2 { nent: 0, padding: 0, entries: __IncompleteArrayField }, kvm_cpuid2 { nent: 0, padding: 289, entries: __IncompleteArrayField }, kvm_cpuid2 { nent: 739248128, padding: 0, entries: __IncompleteArrayField }, kvm_cpuid2 { nent: 0, padding: 0, entries: __IncompleteArrayField }, kvm_cpuid2 { nent: 2147483650, padding: 0, entries: __IncompleteArrayField }, kvm_cpuid2 { nent: 0, padding: 1702129225, entries: __IncompleteArrayField }, kvm_cpuid2 { nent: 693250156, padding: 1868912672, entries: __IncompleteArrayField }, kvm_cpuid2 { nent: 693250158, padding: 0, entries: __IncompleteArrayField }, kvm_cpuid2 { nent: 0, padding: 0, entries: __IncompleteArrayField }, kvm_cpuid2 { nent: 2147483651, padding: 0, entries: __IncompleteArrayField }, kvm_cpuid2 { nent: 0, padding: 943142432, entries: __IncompleteArrayField }, kvm_cpuid2 { nent: 20535, padding: 0, entries: __IncompleteArrayField }, kvm_cpuid2 { nent: 0, padding: 0, entries: __IncompleteArrayField }, kvm_cpuid2 { nent: 0, padding: 0, entries: __IncompleteArrayField }, kvm_cpuid2 { nent: 2147483654, padding: 0, entries: __IncompleteArrayField }, kvm_cpuid2 { nent: 0, padding: 0, entries: __IncompleteArrayField }, kvm_cpuid2 { nent: 0, padding: 134246464, entries: __IncompleteArrayField }, kvm_cpuid2 { nent: 0, padding: 0, entries: __IncompleteArrayField }, kvm_cpuid2 { nent: 0, padding: 0, entries: __IncompleteArrayField }, kvm_cpuid2 { nent: 2147483656, padding: 0, entries: __IncompleteArrayField }, kvm_cpuid2 { nent: 0, padding: 3422516, entries: __IncompleteArrayField }, kvm_cpuid2 { nent: 512, padding: 20511, entries: __IncompleteArrayField }, kvm_cpuid2 { nent: 0, padding: 0, entries: __IncompleteArrayField }, kvm_cpuid2 { nent: 0, padding: 0, entries: __IncompleteArrayField }] }
thread 'launch' panicked at tests/launch.rs:112:18:
Unexpected exit reason: Error(0), ret-reson:Shutdown
note: run with `RUST_BACKTRACE=1` environment variable to display a backtrace


failures:
    launch

test result: FAILED. 0 passed; 1 failed; 0 ignored; 0 measured; 0 filtered out; finished in 0.01s

